---
http_interactions:
- request:
    method: get
    uri: https://api.github.com/user
    body:
      encoding: US-ASCII
      string: ''
    headers:
      Accept:
      - application/vnd.github.v3+json
      User-Agent:
      - Octokit Ruby Gem 4.3.0
      Content-Type:
      - application/json
      Authorization:
      - token <GITHUB_TOKEN>
      Accept-Encoding:
      - gzip;q=1.0,deflate;q=0.6,identity;q=0.3
  response:
    status:
      code: 200
      message: OK
    headers:
      Server:
      - GitHub.com
      Date:
      - Thu, 26 May 2016 13:07:11 GMT
      Content-Type:
      - application/json; charset=utf-8
      Transfer-Encoding:
      - chunked
      Status:
      - 200 OK
      X-Ratelimit-Limit:
      - '5000'
      X-Ratelimit-Remaining:
      - '4849'
      X-Ratelimit-Reset:
      - '1464269351'
      Cache-Control:
      - private, max-age=60, s-maxage=60
      Vary:
      - Accept, Authorization, Cookie, X-GitHub-OTP
      - Accept-Encoding
      Etag:
      - W/"1255555d275d433c926c270b4fc3a401"
      Last-Modified:
      - Thu, 26 May 2016 12:32:18 GMT
      X-Oauth-Scopes:
      - delete_repo, repo, user:email
      X-Accepted-Oauth-Scopes:
      - ''
      X-Oauth-Client-Id:
      - 5a928d2c36588bef4f4c
      X-Github-Media-Type:
      - github.v3; format=json
      Access-Control-Expose-Headers:
      - ETag, Link, X-GitHub-OTP, X-RateLimit-Limit, X-RateLimit-Remaining, X-RateLimit-Reset,
        X-OAuth-Scopes, X-Accepted-OAuth-Scopes, X-Poll-Interval
      Access-Control-Allow-Origin:
      - "*"
      Content-Security-Policy:
      - default-src 'none'
      Strict-Transport-Security:
      - max-age=31536000; includeSubdomains; preload
      X-Content-Type-Options:
      - nosniff
      X-Frame-Options:
      - deny
      X-Xss-Protection:
      - 1; mode=block
      X-Served-By:
      - b0ef53392caa42315c6206737946d931
      X-Github-Request-Id:
      - 3EFEF783:1C0C5:154CE8FC:5746F4FF
    body:
      encoding: ASCII-8BIT
      string: '{"login":"<GITHUB_USER>","id":9130479,"avatar_url":"https://avatars.githubusercontent.com/u/9130479?v=3","gravatar_id":"","url":"https://api.github.com/users/<GITHUB_USER>","html_url":"https://github.com/<GITHUB_USER>","followers_url":"https://api.github.com/users/<GITHUB_USER>/followers","following_url":"https://api.github.com/users/<GITHUB_USER>/following{/other_user}","gists_url":"https://api.github.com/users/<GITHUB_USER>/gists{/gist_id}","starred_url":"https://api.github.com/users/<GITHUB_USER>/starred{/owner}{/repo}","subscriptions_url":"https://api.github.com/users/<GITHUB_USER>/subscriptions","organizations_url":"https://api.github.com/users/<GITHUB_USER>/orgs","repos_url":"https://api.github.com/users/<GITHUB_USER>/repos","events_url":"https://api.github.com/users/<GITHUB_USER>/events{/privacy}","received_events_url":"https://api.github.com/users/<GITHUB_USER>/received_events","type":"User","site_admin":false,"name":null,"company":null,"blog":null,"location":null,"email":null,"hireable":null,"bio":null,"public_repos":3,"public_gists":0,"followers":0,"following":0,"created_at":"2014-10-10T08:16:33Z","updated_at":"2016-05-26T12:32:18Z"}'
    http_version: 
  recorded_at: Thu, 26 May 2016 13:07:12 GMT
- request:
    method: post
    uri: https://api.github.com/user/repos
    body:
      encoding: UTF-8
      string: '{"auto_init":true,"name":"my-awesome-repo"}'
    headers:
      Accept:
      - application/vnd.github.v3+json
      User-Agent:
      - Octokit Ruby Gem 4.3.0
      Content-Type:
      - application/json
      Authorization:
      - token <GITHUB_TOKEN>
      Accept-Encoding:
      - gzip;q=1.0,deflate;q=0.6,identity;q=0.3
  response:
    status:
      code: 201
      message: Created
    headers:
      Server:
      - GitHub.com
      Date:
      - Thu, 26 May 2016 13:07:12 GMT
      Content-Type:
      - application/json; charset=utf-8
      Content-Length:
      - '5500'
      Status:
      - 201 Created
      X-Ratelimit-Limit:
      - '5000'
      X-Ratelimit-Remaining:
      - '4848'
      X-Ratelimit-Reset:
      - '1464269351'
      Cache-Control:
      - private, max-age=60, s-maxage=60
      Vary:
      - Accept, Authorization, Cookie, X-GitHub-OTP
      - Accept-Encoding
      Etag:
      - '"b327c212c9e935047451adb1a5f8cf1d"'
      X-Oauth-Scopes:
      - delete_repo, repo, user:email
      X-Accepted-Oauth-Scopes:
      - public_repo, repo
      X-Oauth-Client-Id:
      - 5a928d2c36588bef4f4c
      Location:
      - https://api.github.com/repos/<GITHUB_USER>/my-awesome-repo
      X-Github-Media-Type:
      - github.v3; format=json
      Access-Control-Expose-Headers:
      - ETag, Link, X-GitHub-OTP, X-RateLimit-Limit, X-RateLimit-Remaining, X-RateLimit-Reset,
        X-OAuth-Scopes, X-Accepted-OAuth-Scopes, X-Poll-Interval
      Access-Control-Allow-Origin:
      - "*"
      Content-Security-Policy:
      - default-src 'none'
      Strict-Transport-Security:
      - max-age=31536000; includeSubdomains; preload
      X-Content-Type-Options:
      - nosniff
      X-Frame-Options:
      - deny
      X-Xss-Protection:
      - 1; mode=block
      X-Served-By:
      - a6882e5cd2513376cb9481dbcd83f3a2
      X-Github-Request-Id:
      - 3EFEF783:1C0C6:1311CAAE:5746F500
    body:
      encoding: UTF-8
      string: '{"id":59751055,"name":"my-awesome-repo","full_name":"<GITHUB_USER>/my-awesome-repo","owner":{"login":"<GITHUB_USER>","id":9130479,"avatar_url":"https://avatars.githubusercontent.com/u/9130479?v=3","gravatar_id":"","url":"https://api.github.com/users/<GITHUB_USER>","html_url":"https://github.com/<GITHUB_USER>","followers_url":"https://api.github.com/users/<GITHUB_USER>/followers","following_url":"https://api.github.com/users/<GITHUB_USER>/following{/other_user}","gists_url":"https://api.github.com/users/<GITHUB_USER>/gists{/gist_id}","starred_url":"https://api.github.com/users/<GITHUB_USER>/starred{/owner}{/repo}","subscriptions_url":"https://api.github.com/users/<GITHUB_USER>/subscriptions","organizations_url":"https://api.github.com/users/<GITHUB_USER>/orgs","repos_url":"https://api.github.com/users/<GITHUB_USER>/repos","events_url":"https://api.github.com/users/<GITHUB_USER>/events{/privacy}","received_events_url":"https://api.github.com/users/<GITHUB_USER>/received_events","type":"User","site_admin":false},"private":false,"html_url":"https://github.com/<GITHUB_USER>/my-awesome-repo","description":null,"fork":false,"url":"https://api.github.com/repos/<GITHUB_USER>/my-awesome-repo","forks_url":"https://api.github.com/repos/<GITHUB_USER>/my-awesome-repo/forks","keys_url":"https://api.github.com/repos/<GITHUB_USER>/my-awesome-repo/keys{/key_id}","collaborators_url":"https://api.github.com/repos/<GITHUB_USER>/my-awesome-repo/collaborators{/collaborator}","teams_url":"https://api.github.com/repos/<GITHUB_USER>/my-awesome-repo/teams","hooks_url":"https://api.github.com/repos/<GITHUB_USER>/my-awesome-repo/hooks","issue_events_url":"https://api.github.com/repos/<GITHUB_USER>/my-awesome-repo/issues/events{/number}","events_url":"https://api.github.com/repos/<GITHUB_USER>/my-awesome-repo/events","assignees_url":"https://api.github.com/repos/<GITHUB_USER>/my-awesome-repo/assignees{/user}","branches_url":"https://api.github.com/repos/<GITHUB_USER>/my-awesome-repo/branches{/branch}","tags_url":"https://api.github.com/repos/<GITHUB_USER>/my-awesome-repo/tags","blobs_url":"https://api.github.com/repos/<GITHUB_USER>/my-awesome-repo/git/blobs{/sha}","git_tags_url":"https://api.github.com/repos/<GITHUB_USER>/my-awesome-repo/git/tags{/sha}","git_refs_url":"https://api.github.com/repos/<GITHUB_USER>/my-awesome-repo/git/refs{/sha}","trees_url":"https://api.github.com/repos/<GITHUB_USER>/my-awesome-repo/git/trees{/sha}","statuses_url":"https://api.github.com/repos/<GITHUB_USER>/my-awesome-repo/statuses/{sha}","languages_url":"https://api.github.com/repos/<GITHUB_USER>/my-awesome-repo/languages","stargazers_url":"https://api.github.com/repos/<GITHUB_USER>/my-awesome-repo/stargazers","contributors_url":"https://api.github.com/repos/<GITHUB_USER>/my-awesome-repo/contributors","subscribers_url":"https://api.github.com/repos/<GITHUB_USER>/my-awesome-repo/subscribers","subscription_url":"https://api.github.com/repos/<GITHUB_USER>/my-awesome-repo/subscription","commits_url":"https://api.github.com/repos/<GITHUB_USER>/my-awesome-repo/commits{/sha}","git_commits_url":"https://api.github.com/repos/<GITHUB_USER>/my-awesome-repo/git/commits{/sha}","comments_url":"https://api.github.com/repos/<GITHUB_USER>/my-awesome-repo/comments{/number}","issue_comment_url":"https://api.github.com/repos/<GITHUB_USER>/my-awesome-repo/issues/comments{/number}","contents_url":"https://api.github.com/repos/<GITHUB_USER>/my-awesome-repo/contents/{+path}","compare_url":"https://api.github.com/repos/<GITHUB_USER>/my-awesome-repo/compare/{base}...{head}","merges_url":"https://api.github.com/repos/<GITHUB_USER>/my-awesome-repo/merges","archive_url":"https://api.github.com/repos/<GITHUB_USER>/my-awesome-repo/{archive_format}{/ref}","downloads_url":"https://api.github.com/repos/<GITHUB_USER>/my-awesome-repo/downloads","issues_url":"https://api.github.com/repos/<GITHUB_USER>/my-awesome-repo/issues{/number}","pulls_url":"https://api.github.com/repos/<GITHUB_USER>/my-awesome-repo/pulls{/number}","milestones_url":"https://api.github.com/repos/<GITHUB_USER>/my-awesome-repo/milestones{/number}","notifications_url":"https://api.github.com/repos/<GITHUB_USER>/my-awesome-repo/notifications{?since,all,participating}","labels_url":"https://api.github.com/repos/<GITHUB_USER>/my-awesome-repo/labels{/name}","releases_url":"https://api.github.com/repos/<GITHUB_USER>/my-awesome-repo/releases{/id}","deployments_url":"https://api.github.com/repos/<GITHUB_USER>/my-awesome-repo/deployments","created_at":"2016-05-26T13:07:12Z","updated_at":"2016-05-26T13:07:12Z","pushed_at":"2016-05-26T13:07:12Z","git_url":"git://github.com/<GITHUB_USER>/my-awesome-repo.git","ssh_url":"git@github.com:<GITHUB_USER>/my-awesome-repo.git","clone_url":"https://github.com/<GITHUB_USER>/my-awesome-repo.git","svn_url":"https://github.com/<GITHUB_USER>/my-awesome-repo","homepage":null,"size":0,"stargazers_count":0,"watchers_count":0,"language":null,"has_issues":true,"has_downloads":true,"has_wiki":true,"has_pages":false,"forks_count":0,"mirror_url":null,"open_issues_count":0,"forks":0,"open_issues":0,"watchers":0,"default_branch":"master","permissions":{"admin":true,"push":true,"pull":true},"network_count":0,"subscribers_count":0}'
    http_version: 
  recorded_at: Thu, 26 May 2016 13:07:13 GMT
- request:
    method: get
    uri: https://api.github.com/repos/<GITHUB_USER>/my-awesome-repo/branches/master
    body:
      encoding: US-ASCII
      string: ''
    headers:
      Accept:
      - application/vnd.github.v3+json
      User-Agent:
      - Octokit Ruby Gem 4.3.0
      Content-Type:
      - application/json
      Authorization:
      - token <GITHUB_TOKEN>
      Accept-Encoding:
      - gzip;q=1.0,deflate;q=0.6,identity;q=0.3
  response:
    status:
      code: 200
      message: OK
    headers:
      Server:
      - GitHub.com
      Date:
      - Thu, 26 May 2016 13:07:19 GMT
      Content-Type:
      - application/json; charset=utf-8
      Transfer-Encoding:
      - chunked
      Status:
      - 200 OK
      X-Ratelimit-Limit:
      - '5000'
      X-Ratelimit-Remaining:
      - '4847'
      X-Ratelimit-Reset:
      - '1464269351'
      Cache-Control:
      - private, max-age=60, s-maxage=60
      Vary:
      - Accept, Authorization, Cookie, X-GitHub-OTP
      - Accept-Encoding
      Etag:
      - W/"67dea19a76d8716a5cd9c7d8e95a0678"
      X-Oauth-Scopes:
      - delete_repo, repo, user:email
      X-Accepted-Oauth-Scopes:
      - ''
      X-Oauth-Client-Id:
      - 5a928d2c36588bef4f4c
      X-Github-Media-Type:
      - github.v3; format=json
      Access-Control-Expose-Headers:
      - ETag, Link, X-GitHub-OTP, X-RateLimit-Limit, X-RateLimit-Remaining, X-RateLimit-Reset,
        X-OAuth-Scopes, X-Accepted-OAuth-Scopes, X-Poll-Interval
      Access-Control-Allow-Origin:
      - "*"
      Content-Security-Policy:
      - default-src 'none'
      Strict-Transport-Security:
      - max-age=31536000; includeSubdomains; preload
      X-Content-Type-Options:
      - nosniff
      X-Frame-Options:
      - deny
      X-Xss-Protection:
      - 1; mode=block
      X-Served-By:
      - d594a23ec74671eba905bf91ef329026
      X-Github-Request-Id:
      - 3EFEF783:B215:153C7A93:5746F502
    body:
      encoding: ASCII-8BIT
      string: '{"name":"master","commit":{"sha":"ad427d76d3f287f58516f8cf3630b572c2218e82","commit":{"author":{"name":"<GITHUB_USER>","email":"pezholio+<GITHUB_USER>@gmail.com","date":"2016-05-26T13:07:12Z"},"committer":{"name":"<GITHUB_USER>","email":"pezholio+<GITHUB_USER>@gmail.com","date":"2016-05-26T13:07:12Z"},"message":"Initial
        commit","tree":{"sha":"c028dbbdc73e274b5ef646cc63bf5c0bd0ca18ff","url":"https://api.github.com/repos/<GITHUB_USER>/my-awesome-repo/git/trees/c028dbbdc73e274b5ef646cc63bf5c0bd0ca18ff"},"url":"https://api.github.com/repos/<GITHUB_USER>/my-awesome-repo/git/commits/ad427d76d3f287f58516f8cf3630b572c2218e82","comment_count":0},"url":"https://api.github.com/repos/<GITHUB_USER>/my-awesome-repo/commits/ad427d76d3f287f58516f8cf3630b572c2218e82","html_url":"https://github.com/<GITHUB_USER>/my-awesome-repo/commit/ad427d76d3f287f58516f8cf3630b572c2218e82","comments_url":"https://api.github.com/repos/<GITHUB_USER>/my-awesome-repo/commits/ad427d76d3f287f58516f8cf3630b572c2218e82/comments","author":{"login":"<GITHUB_USER>","id":9130479,"avatar_url":"https://avatars.githubusercontent.com/u/9130479?v=3","gravatar_id":"","url":"https://api.github.com/users/<GITHUB_USER>","html_url":"https://github.com/<GITHUB_USER>","followers_url":"https://api.github.com/users/<GITHUB_USER>/followers","following_url":"https://api.github.com/users/<GITHUB_USER>/following{/other_user}","gists_url":"https://api.github.com/users/<GITHUB_USER>/gists{/gist_id}","starred_url":"https://api.github.com/users/<GITHUB_USER>/starred{/owner}{/repo}","subscriptions_url":"https://api.github.com/users/<GITHUB_USER>/subscriptions","organizations_url":"https://api.github.com/users/<GITHUB_USER>/orgs","repos_url":"https://api.github.com/users/<GITHUB_USER>/repos","events_url":"https://api.github.com/users/<GITHUB_USER>/events{/privacy}","received_events_url":"https://api.github.com/users/<GITHUB_USER>/received_events","type":"User","site_admin":false},"committer":{"login":"<GITHUB_USER>","id":9130479,"avatar_url":"https://avatars.githubusercontent.com/u/9130479?v=3","gravatar_id":"","url":"https://api.github.com/users/<GITHUB_USER>","html_url":"https://github.com/<GITHUB_USER>","followers_url":"https://api.github.com/users/<GITHUB_USER>/followers","following_url":"https://api.github.com/users/<GITHUB_USER>/following{/other_user}","gists_url":"https://api.github.com/users/<GITHUB_USER>/gists{/gist_id}","starred_url":"https://api.github.com/users/<GITHUB_USER>/starred{/owner}{/repo}","subscriptions_url":"https://api.github.com/users/<GITHUB_USER>/subscriptions","organizations_url":"https://api.github.com/users/<GITHUB_USER>/orgs","repos_url":"https://api.github.com/users/<GITHUB_USER>/repos","events_url":"https://api.github.com/users/<GITHUB_USER>/events{/privacy}","received_events_url":"https://api.github.com/users/<GITHUB_USER>/received_events","type":"User","site_admin":false},"parents":[]},"_links":{"self":"https://api.github.com/repos/<GITHUB_USER>/my-awesome-repo/branches/master","html":"https://github.com/<GITHUB_USER>/my-awesome-repo/tree/master"}}'
    http_version: 
  recorded_at: Thu, 26 May 2016 13:07:19 GMT
- request:
    method: post
    uri: https://api.github.com/repos/<GITHUB_USER>/my-awesome-repo/git/refs
    body:
      encoding: UTF-8
      string: '{"ref":"refs/heads/gh-pages","sha":"ad427d76d3f287f58516f8cf3630b572c2218e82"}'
    headers:
      Accept:
      - application/vnd.github.v3+json
      User-Agent:
      - Octokit Ruby Gem 4.3.0
      Content-Type:
      - application/json
      Authorization:
      - token <GITHUB_TOKEN>
      Accept-Encoding:
      - gzip;q=1.0,deflate;q=0.6,identity;q=0.3
  response:
    status:
      code: 201
      message: Created
    headers:
      Server:
      - GitHub.com
      Date:
      - Thu, 26 May 2016 13:07:19 GMT
      Content-Type:
      - application/json; charset=utf-8
      Content-Length:
      - '326'
      Status:
      - 201 Created
      X-Ratelimit-Limit:
      - '5000'
      X-Ratelimit-Remaining:
      - '4846'
      X-Ratelimit-Reset:
      - '1464269351'
      Cache-Control:
      - private, max-age=60, s-maxage=60
      Vary:
      - Accept, Authorization, Cookie, X-GitHub-OTP
      - Accept-Encoding
      Etag:
      - '"993a5f63e491c4e9567edc2ce44e8726"'
      X-Oauth-Scopes:
      - delete_repo, repo, user:email
      X-Accepted-Oauth-Scopes:
      - ''
      X-Oauth-Client-Id:
      - 5a928d2c36588bef4f4c
      Location:
      - https://api.github.com/repos/<GITHUB_USER>/my-awesome-repo/git/refs/heads/gh-pages
      X-Github-Media-Type:
      - github.v3; format=json
      Access-Control-Expose-Headers:
      - ETag, Link, X-GitHub-OTP, X-RateLimit-Limit, X-RateLimit-Remaining, X-RateLimit-Reset,
        X-OAuth-Scopes, X-Accepted-OAuth-Scopes, X-Poll-Interval
      Access-Control-Allow-Origin:
      - "*"
      Content-Security-Policy:
      - default-src 'none'
      Strict-Transport-Security:
      - max-age=31536000; includeSubdomains; preload
      X-Content-Type-Options:
      - nosniff
      X-Frame-Options:
      - deny
      X-Xss-Protection:
      - 1; mode=block
      X-Served-By:
      - bd82876e9bf04990f289ba22f246ee9b
      X-Github-Request-Id:
      - 3EFEF783:B215:153C8183:5746F507
    body:
      encoding: UTF-8
      string: '{"ref":"refs/heads/gh-pages","url":"https://api.github.com/repos/<GITHUB_USER>/my-awesome-repo/git/refs/heads/gh-pages","object":{"sha":"ad427d76d3f287f58516f8cf3630b572c2218e82","type":"commit","url":"https://api.github.com/repos/<GITHUB_USER>/my-awesome-repo/git/commits/ad427d76d3f287f58516f8cf3630b572c2218e82"}}'
    http_version: 
  recorded_at: Thu, 26 May 2016 13:07:19 GMT
- request:
    method: patch
    uri: https://api.github.com/repos/<GITHUB_USER>/my-awesome-repo
    body:
      encoding: UTF-8
      string: '{"default_branch":"gh-pages","name":"my-awesome-repo"}'
    headers:
      Accept:
      - application/vnd.github.v3+json
      User-Agent:
      - Octokit Ruby Gem 4.3.0
      Content-Type:
      - application/json
      Authorization:
      - token <GITHUB_TOKEN>
      Accept-Encoding:
      - gzip;q=1.0,deflate;q=0.6,identity;q=0.3
  response:
    status:
      code: 200
      message: OK
    headers:
      Server:
      - GitHub.com
      Date:
      - Thu, 26 May 2016 13:07:19 GMT
      Content-Type:
      - application/json; charset=utf-8
      Transfer-Encoding:
      - chunked
      Status:
      - 200 OK
      X-Ratelimit-Limit:
      - '5000'
      X-Ratelimit-Remaining:
      - '4845'
      X-Ratelimit-Reset:
      - '1464269351'
      Cache-Control:
      - private, max-age=60, s-maxage=60
      Vary:
      - Accept, Authorization, Cookie, X-GitHub-OTP
      - Accept-Encoding
      Etag:
      - W/"67767af9506b60c172ea2f01b71f5cbf"
      X-Oauth-Scopes:
      - delete_repo, repo, user:email
      X-Accepted-Oauth-Scopes:
      - ''
      X-Oauth-Client-Id:
      - 5a928d2c36588bef4f4c
      X-Github-Media-Type:
      - github.v3; format=json
      Access-Control-Expose-Headers:
      - ETag, Link, X-GitHub-OTP, X-RateLimit-Limit, X-RateLimit-Remaining, X-RateLimit-Reset,
        X-OAuth-Scopes, X-Accepted-OAuth-Scopes, X-Poll-Interval
      Access-Control-Allow-Origin:
      - "*"
      Content-Security-Policy:
      - default-src 'none'
      Strict-Transport-Security:
      - max-age=31536000; includeSubdomains; preload
      X-Content-Type-Options:
      - nosniff
      X-Frame-Options:
      - deny
      X-Xss-Protection:
      - 1; mode=block
      X-Served-By:
      - 2c18a09f3ac5e4dd1e004af7c5a94769
      X-Github-Request-Id:
      - 3EFEF783:B216:1319605E:5746F507
    body:
      encoding: ASCII-8BIT
      string: '{"id":59751055,"name":"my-awesome-repo","full_name":"<GITHUB_USER>/my-awesome-repo","owner":{"login":"<GITHUB_USER>","id":9130479,"avatar_url":"https://avatars.githubusercontent.com/u/9130479?v=3","gravatar_id":"","url":"https://api.github.com/users/<GITHUB_USER>","html_url":"https://github.com/<GITHUB_USER>","followers_url":"https://api.github.com/users/<GITHUB_USER>/followers","following_url":"https://api.github.com/users/<GITHUB_USER>/following{/other_user}","gists_url":"https://api.github.com/users/<GITHUB_USER>/gists{/gist_id}","starred_url":"https://api.github.com/users/<GITHUB_USER>/starred{/owner}{/repo}","subscriptions_url":"https://api.github.com/users/<GITHUB_USER>/subscriptions","organizations_url":"https://api.github.com/users/<GITHUB_USER>/orgs","repos_url":"https://api.github.com/users/<GITHUB_USER>/repos","events_url":"https://api.github.com/users/<GITHUB_USER>/events{/privacy}","received_events_url":"https://api.github.com/users/<GITHUB_USER>/received_events","type":"User","site_admin":false},"private":false,"html_url":"https://github.com/<GITHUB_USER>/my-awesome-repo","description":null,"fork":false,"url":"https://api.github.com/repos/<GITHUB_USER>/my-awesome-repo","forks_url":"https://api.github.com/repos/<GITHUB_USER>/my-awesome-repo/forks","keys_url":"https://api.github.com/repos/<GITHUB_USER>/my-awesome-repo/keys{/key_id}","collaborators_url":"https://api.github.com/repos/<GITHUB_USER>/my-awesome-repo/collaborators{/collaborator}","teams_url":"https://api.github.com/repos/<GITHUB_USER>/my-awesome-repo/teams","hooks_url":"https://api.github.com/repos/<GITHUB_USER>/my-awesome-repo/hooks","issue_events_url":"https://api.github.com/repos/<GITHUB_USER>/my-awesome-repo/issues/events{/number}","events_url":"https://api.github.com/repos/<GITHUB_USER>/my-awesome-repo/events","assignees_url":"https://api.github.com/repos/<GITHUB_USER>/my-awesome-repo/assignees{/user}","branches_url":"https://api.github.com/repos/<GITHUB_USER>/my-awesome-repo/branches{/branch}","tags_url":"https://api.github.com/repos/<GITHUB_USER>/my-awesome-repo/tags","blobs_url":"https://api.github.com/repos/<GITHUB_USER>/my-awesome-repo/git/blobs{/sha}","git_tags_url":"https://api.github.com/repos/<GITHUB_USER>/my-awesome-repo/git/tags{/sha}","git_refs_url":"https://api.github.com/repos/<GITHUB_USER>/my-awesome-repo/git/refs{/sha}","trees_url":"https://api.github.com/repos/<GITHUB_USER>/my-awesome-repo/git/trees{/sha}","statuses_url":"https://api.github.com/repos/<GITHUB_USER>/my-awesome-repo/statuses/{sha}","languages_url":"https://api.github.com/repos/<GITHUB_USER>/my-awesome-repo/languages","stargazers_url":"https://api.github.com/repos/<GITHUB_USER>/my-awesome-repo/stargazers","contributors_url":"https://api.github.com/repos/<GITHUB_USER>/my-awesome-repo/contributors","subscribers_url":"https://api.github.com/repos/<GITHUB_USER>/my-awesome-repo/subscribers","subscription_url":"https://api.github.com/repos/<GITHUB_USER>/my-awesome-repo/subscription","commits_url":"https://api.github.com/repos/<GITHUB_USER>/my-awesome-repo/commits{/sha}","git_commits_url":"https://api.github.com/repos/<GITHUB_USER>/my-awesome-repo/git/commits{/sha}","comments_url":"https://api.github.com/repos/<GITHUB_USER>/my-awesome-repo/comments{/number}","issue_comment_url":"https://api.github.com/repos/<GITHUB_USER>/my-awesome-repo/issues/comments{/number}","contents_url":"https://api.github.com/repos/<GITHUB_USER>/my-awesome-repo/contents/{+path}","compare_url":"https://api.github.com/repos/<GITHUB_USER>/my-awesome-repo/compare/{base}...{head}","merges_url":"https://api.github.com/repos/<GITHUB_USER>/my-awesome-repo/merges","archive_url":"https://api.github.com/repos/<GITHUB_USER>/my-awesome-repo/{archive_format}{/ref}","downloads_url":"https://api.github.com/repos/<GITHUB_USER>/my-awesome-repo/downloads","issues_url":"https://api.github.com/repos/<GITHUB_USER>/my-awesome-repo/issues{/number}","pulls_url":"https://api.github.com/repos/<GITHUB_USER>/my-awesome-repo/pulls{/number}","milestones_url":"https://api.github.com/repos/<GITHUB_USER>/my-awesome-repo/milestones{/number}","notifications_url":"https://api.github.com/repos/<GITHUB_USER>/my-awesome-repo/notifications{?since,all,participating}","labels_url":"https://api.github.com/repos/<GITHUB_USER>/my-awesome-repo/labels{/name}","releases_url":"https://api.github.com/repos/<GITHUB_USER>/my-awesome-repo/releases{/id}","deployments_url":"https://api.github.com/repos/<GITHUB_USER>/my-awesome-repo/deployments","created_at":"2016-05-26T13:07:12Z","updated_at":"2016-05-26T13:07:12Z","pushed_at":"2016-05-26T13:07:19Z","git_url":"git://github.com/<GITHUB_USER>/my-awesome-repo.git","ssh_url":"git@github.com:<GITHUB_USER>/my-awesome-repo.git","clone_url":"https://github.com/<GITHUB_USER>/my-awesome-repo.git","svn_url":"https://github.com/<GITHUB_USER>/my-awesome-repo","homepage":null,"size":0,"stargazers_count":0,"watchers_count":0,"language":null,"has_issues":true,"has_downloads":true,"has_wiki":true,"has_pages":true,"forks_count":0,"mirror_url":null,"open_issues_count":0,"forks":0,"open_issues":0,"watchers":0,"default_branch":"gh-pages","permissions":{"admin":true,"push":true,"pull":true},"network_count":0,"subscribers_count":0}'
    http_version: 
  recorded_at: Thu, 26 May 2016 13:07:20 GMT
- request:
    method: get
    uri: https://api.github.com/repos/<GITHUB_USER>/my-awesome-repo
    body:
      encoding: US-ASCII
      string: ''
    headers:
      Accept:
      - application/vnd.github.v3+json
      User-Agent:
      - Octokit Ruby Gem 4.3.0
      Content-Type:
      - application/json
      Authorization:
      - token <GITHUB_TOKEN>
      Accept-Encoding:
      - gzip;q=1.0,deflate;q=0.6,identity;q=0.3
  response:
    status:
      code: 200
      message: OK
    headers:
      Server:
      - GitHub.com
      Date:
      - Thu, 26 May 2016 13:07:20 GMT
      Content-Type:
      - application/json; charset=utf-8
      Transfer-Encoding:
      - chunked
      Status:
      - 200 OK
      X-Ratelimit-Limit:
      - '5000'
      X-Ratelimit-Remaining:
      - '4843'
      X-Ratelimit-Reset:
      - '1464269351'
      Cache-Control:
      - private, max-age=60, s-maxage=60
      Vary:
      - Accept, Authorization, Cookie, X-GitHub-OTP
      - Accept-Encoding
      Etag:
      - W/"67767af9506b60c172ea2f01b71f5cbf"
      Last-Modified:
      - Thu, 26 May 2016 13:07:12 GMT
      X-Oauth-Scopes:
      - delete_repo, repo, user:email
      X-Accepted-Oauth-Scopes:
      - repo
      X-Oauth-Client-Id:
      - 5a928d2c36588bef4f4c
      X-Github-Media-Type:
      - github.v3; format=json
      Access-Control-Expose-Headers:
      - ETag, Link, X-GitHub-OTP, X-RateLimit-Limit, X-RateLimit-Remaining, X-RateLimit-Reset,
        X-OAuth-Scopes, X-Accepted-OAuth-Scopes, X-Poll-Interval
      Access-Control-Allow-Origin:
      - "*"
      Content-Security-Policy:
      - default-src 'none'
      Strict-Transport-Security:
      - max-age=31536000; includeSubdomains; preload
      X-Content-Type-Options:
      - nosniff
      X-Frame-Options:
      - deny
      X-Xss-Protection:
      - 1; mode=block
      X-Served-By:
      - 01d096e6cfe28f8aea352e988c332cd3
      X-Github-Request-Id:
      - 3EFEF783:B215:153C8308:5746F508
    body:
      encoding: ASCII-8BIT
      string: '{"id":59751055,"name":"my-awesome-repo","full_name":"<GITHUB_USER>/my-awesome-repo","owner":{"login":"<GITHUB_USER>","id":9130479,"avatar_url":"https://avatars.githubusercontent.com/u/9130479?v=3","gravatar_id":"","url":"https://api.github.com/users/<GITHUB_USER>","html_url":"https://github.com/<GITHUB_USER>","followers_url":"https://api.github.com/users/<GITHUB_USER>/followers","following_url":"https://api.github.com/users/<GITHUB_USER>/following{/other_user}","gists_url":"https://api.github.com/users/<GITHUB_USER>/gists{/gist_id}","starred_url":"https://api.github.com/users/<GITHUB_USER>/starred{/owner}{/repo}","subscriptions_url":"https://api.github.com/users/<GITHUB_USER>/subscriptions","organizations_url":"https://api.github.com/users/<GITHUB_USER>/orgs","repos_url":"https://api.github.com/users/<GITHUB_USER>/repos","events_url":"https://api.github.com/users/<GITHUB_USER>/events{/privacy}","received_events_url":"https://api.github.com/users/<GITHUB_USER>/received_events","type":"User","site_admin":false},"private":false,"html_url":"https://github.com/<GITHUB_USER>/my-awesome-repo","description":null,"fork":false,"url":"https://api.github.com/repos/<GITHUB_USER>/my-awesome-repo","forks_url":"https://api.github.com/repos/<GITHUB_USER>/my-awesome-repo/forks","keys_url":"https://api.github.com/repos/<GITHUB_USER>/my-awesome-repo/keys{/key_id}","collaborators_url":"https://api.github.com/repos/<GITHUB_USER>/my-awesome-repo/collaborators{/collaborator}","teams_url":"https://api.github.com/repos/<GITHUB_USER>/my-awesome-repo/teams","hooks_url":"https://api.github.com/repos/<GITHUB_USER>/my-awesome-repo/hooks","issue_events_url":"https://api.github.com/repos/<GITHUB_USER>/my-awesome-repo/issues/events{/number}","events_url":"https://api.github.com/repos/<GITHUB_USER>/my-awesome-repo/events","assignees_url":"https://api.github.com/repos/<GITHUB_USER>/my-awesome-repo/assignees{/user}","branches_url":"https://api.github.com/repos/<GITHUB_USER>/my-awesome-repo/branches{/branch}","tags_url":"https://api.github.com/repos/<GITHUB_USER>/my-awesome-repo/tags","blobs_url":"https://api.github.com/repos/<GITHUB_USER>/my-awesome-repo/git/blobs{/sha}","git_tags_url":"https://api.github.com/repos/<GITHUB_USER>/my-awesome-repo/git/tags{/sha}","git_refs_url":"https://api.github.com/repos/<GITHUB_USER>/my-awesome-repo/git/refs{/sha}","trees_url":"https://api.github.com/repos/<GITHUB_USER>/my-awesome-repo/git/trees{/sha}","statuses_url":"https://api.github.com/repos/<GITHUB_USER>/my-awesome-repo/statuses/{sha}","languages_url":"https://api.github.com/repos/<GITHUB_USER>/my-awesome-repo/languages","stargazers_url":"https://api.github.com/repos/<GITHUB_USER>/my-awesome-repo/stargazers","contributors_url":"https://api.github.com/repos/<GITHUB_USER>/my-awesome-repo/contributors","subscribers_url":"https://api.github.com/repos/<GITHUB_USER>/my-awesome-repo/subscribers","subscription_url":"https://api.github.com/repos/<GITHUB_USER>/my-awesome-repo/subscription","commits_url":"https://api.github.com/repos/<GITHUB_USER>/my-awesome-repo/commits{/sha}","git_commits_url":"https://api.github.com/repos/<GITHUB_USER>/my-awesome-repo/git/commits{/sha}","comments_url":"https://api.github.com/repos/<GITHUB_USER>/my-awesome-repo/comments{/number}","issue_comment_url":"https://api.github.com/repos/<GITHUB_USER>/my-awesome-repo/issues/comments{/number}","contents_url":"https://api.github.com/repos/<GITHUB_USER>/my-awesome-repo/contents/{+path}","compare_url":"https://api.github.com/repos/<GITHUB_USER>/my-awesome-repo/compare/{base}...{head}","merges_url":"https://api.github.com/repos/<GITHUB_USER>/my-awesome-repo/merges","archive_url":"https://api.github.com/repos/<GITHUB_USER>/my-awesome-repo/{archive_format}{/ref}","downloads_url":"https://api.github.com/repos/<GITHUB_USER>/my-awesome-repo/downloads","issues_url":"https://api.github.com/repos/<GITHUB_USER>/my-awesome-repo/issues{/number}","pulls_url":"https://api.github.com/repos/<GITHUB_USER>/my-awesome-repo/pulls{/number}","milestones_url":"https://api.github.com/repos/<GITHUB_USER>/my-awesome-repo/milestones{/number}","notifications_url":"https://api.github.com/repos/<GITHUB_USER>/my-awesome-repo/notifications{?since,all,participating}","labels_url":"https://api.github.com/repos/<GITHUB_USER>/my-awesome-repo/labels{/name}","releases_url":"https://api.github.com/repos/<GITHUB_USER>/my-awesome-repo/releases{/id}","deployments_url":"https://api.github.com/repos/<GITHUB_USER>/my-awesome-repo/deployments","created_at":"2016-05-26T13:07:12Z","updated_at":"2016-05-26T13:07:12Z","pushed_at":"2016-05-26T13:07:19Z","git_url":"git://github.com/<GITHUB_USER>/my-awesome-repo.git","ssh_url":"git@github.com:<GITHUB_USER>/my-awesome-repo.git","clone_url":"https://github.com/<GITHUB_USER>/my-awesome-repo.git","svn_url":"https://github.com/<GITHUB_USER>/my-awesome-repo","homepage":null,"size":0,"stargazers_count":0,"watchers_count":0,"language":null,"has_issues":true,"has_downloads":true,"has_wiki":true,"has_pages":true,"forks_count":0,"mirror_url":null,"open_issues_count":0,"forks":0,"open_issues":0,"watchers":0,"default_branch":"gh-pages","permissions":{"admin":true,"push":true,"pull":true},"network_count":0,"subscribers_count":0}'
    http_version: 
  recorded_at: Thu, 26 May 2016 13:07:20 GMT
- request:
    method: get
    uri: https://api.github.com/repos/<GITHUB_USER>/my-awesome-repo/git/refs
    body:
      encoding: US-ASCII
      string: ''
    headers:
      Accept:
      - application/vnd.github.v3+json
      User-Agent:
      - Octokit Ruby Gem 4.3.0
      Content-Type:
      - application/json
      Authorization:
      - token <GITHUB_TOKEN>
      Accept-Encoding:
      - gzip;q=1.0,deflate;q=0.6,identity;q=0.3
  response:
    status:
      code: 200
      message: OK
    headers:
      Server:
      - GitHub.com
      Date:
      - Thu, 26 May 2016 13:07:20 GMT
      Content-Type:
      - application/json; charset=utf-8
      Transfer-Encoding:
      - chunked
      Status:
      - 200 OK
      X-Ratelimit-Limit:
      - '5000'
      X-Ratelimit-Remaining:
      - '4841'
      X-Ratelimit-Reset:
      - '1464269351'
      Cache-Control:
      - private, max-age=60, s-maxage=60
      Vary:
      - Accept, Authorization, Cookie, X-GitHub-OTP
      - Accept-Encoding
      Etag:
      - W/"deab66d0aaca168eb3c5e5cdf2f64b0f"
      Last-Modified:
      - Thu, 26 May 2016 13:07:12 GMT
      X-Poll-Interval:
      - '300'
      X-Oauth-Scopes:
      - delete_repo, repo, user:email
      X-Accepted-Oauth-Scopes:
      - ''
      X-Oauth-Client-Id:
      - 5a928d2c36588bef4f4c
      X-Github-Media-Type:
      - github.v3; format=json
      Access-Control-Expose-Headers:
      - ETag, Link, X-GitHub-OTP, X-RateLimit-Limit, X-RateLimit-Remaining, X-RateLimit-Reset,
        X-OAuth-Scopes, X-Accepted-OAuth-Scopes, X-Poll-Interval
      Access-Control-Allow-Origin:
      - "*"
      Content-Security-Policy:
      - default-src 'none'
      Strict-Transport-Security:
      - max-age=31536000; includeSubdomains; preload
      X-Content-Type-Options:
      - nosniff
      X-Frame-Options:
      - deny
      X-Xss-Protection:
      - 1; mode=block
      X-Served-By:
      - 52437fedc85beec8da3449496900fb9a
      X-Github-Request-Id:
      - 3EFEF783:B216:13196141:5746F508
    body:
      encoding: ASCII-8BIT
      string: '[{"ref":"refs/heads/gh-pages","url":"https://api.github.com/repos/<GITHUB_USER>/my-awesome-repo/git/refs/heads/gh-pages","object":{"sha":"ad427d76d3f287f58516f8cf3630b572c2218e82","type":"commit","url":"https://api.github.com/repos/<GITHUB_USER>/my-awesome-repo/git/commits/ad427d76d3f287f58516f8cf3630b572c2218e82"}},{"ref":"refs/heads/master","url":"https://api.github.com/repos/<GITHUB_USER>/my-awesome-repo/git/refs/heads/master","object":{"sha":"ad427d76d3f287f58516f8cf3630b572c2218e82","type":"commit","url":"https://api.github.com/repos/<GITHUB_USER>/my-awesome-repo/git/commits/ad427d76d3f287f58516f8cf3630b572c2218e82"}}]'
    http_version: 
  recorded_at: Thu, 26 May 2016 13:07:21 GMT
- request:
    method: get
    uri: https://api.github.com/repos/<GITHUB_USER>/my-awesome-repo/git/trees/ad427d76d3f287f58516f8cf3630b572c2218e82?recursive=true
    body:
      encoding: US-ASCII
      string: ''
    headers:
      Accept:
      - application/vnd.github.v3+json
      User-Agent:
      - Octokit Ruby Gem 4.3.0
      Content-Type:
      - application/json
      Authorization:
      - token <GITHUB_TOKEN>
      Accept-Encoding:
      - gzip;q=1.0,deflate;q=0.6,identity;q=0.3
  response:
    status:
      code: 200
      message: OK
    headers:
      Server:
      - GitHub.com
      Date:
      - Thu, 26 May 2016 13:07:21 GMT
      Content-Type:
      - application/json; charset=utf-8
      Transfer-Encoding:
      - chunked
      Status:
      - 200 OK
      X-Ratelimit-Limit:
      - '5000'
      X-Ratelimit-Remaining:
      - '4840'
      X-Ratelimit-Reset:
      - '1464269351'
      Cache-Control:
      - private, max-age=60, s-maxage=60
      Vary:
      - Accept, Authorization, Cookie, X-GitHub-OTP
      - Accept-Encoding
      Etag:
      - W/"7da41bf973d66343a70751b75ee774a9"
      Last-Modified:
      - Thu, 26 May 2016 13:07:12 GMT
      X-Oauth-Scopes:
      - delete_repo, repo, user:email
      X-Accepted-Oauth-Scopes:
      - ''
      X-Oauth-Client-Id:
      - 5a928d2c36588bef4f4c
      X-Github-Media-Type:
      - github.v3; format=json
      Access-Control-Expose-Headers:
      - ETag, Link, X-GitHub-OTP, X-RateLimit-Limit, X-RateLimit-Remaining, X-RateLimit-Reset,
        X-OAuth-Scopes, X-Accepted-OAuth-Scopes, X-Poll-Interval
      Access-Control-Allow-Origin:
      - "*"
      Content-Security-Policy:
      - default-src 'none'
      Strict-Transport-Security:
      - max-age=31536000; includeSubdomains; preload
      X-Content-Type-Options:
      - nosniff
      X-Frame-Options:
      - deny
      X-Xss-Protection:
      - 1; mode=block
      X-Served-By:
      - ef96c2e493b28ffea49b891b085ed2dd
      X-Github-Request-Id:
      - 3EFEF783:B214:12366391:5746F509
    body:
      encoding: ASCII-8BIT
      string: '{"sha":"ad427d76d3f287f58516f8cf3630b572c2218e82","url":"https://api.github.com/repos/<GITHUB_USER>/my-awesome-repo/git/trees/ad427d76d3f287f58516f8cf3630b572c2218e82","tree":[{"path":"README.md","mode":"100644","type":"blob","sha":"98b86d075133bc45f0a96ce008175bb5a4f6567a","size":17,"url":"https://api.github.com/repos/<GITHUB_USER>/my-awesome-repo/git/blobs/98b86d075133bc45f0a96ce008175bb5a4f6567a"}],"truncated":false}'
    http_version: 
  recorded_at: Thu, 26 May 2016 13:07:21 GMT
- request:
    method: delete
    uri: https://api.github.com/repos/<GITHUB_USER>/my-awesome-repo
    body:
      encoding: UTF-8
      string: "{}"
    headers:
      Accept:
      - application/vnd.github.v3+json
      User-Agent:
      - Octokit Ruby Gem 4.3.0
      Content-Type:
      - application/json
      Authorization:
      - token <GITHUB_TOKEN>
      Accept-Encoding:
      - gzip;q=1.0,deflate;q=0.6,identity;q=0.3
  response:
    status:
      code: 204
      message: No Content
    headers:
      Server:
      - GitHub.com
      Date:
      - Thu, 26 May 2016 13:07:21 GMT
      Status:
      - 204 No Content
      X-Ratelimit-Limit:
      - '5000'
      X-Ratelimit-Remaining:
      - '4839'
      X-Ratelimit-Reset:
      - '1464269351'
      X-Oauth-Scopes:
      - delete_repo, repo, user:email
      X-Accepted-Oauth-Scopes:
      - delete_repo
      X-Oauth-Client-Id:
      - 5a928d2c36588bef4f4c
      X-Github-Media-Type:
      - github.v3; format=json
      Access-Control-Expose-Headers:
      - ETag, Link, X-GitHub-OTP, X-RateLimit-Limit, X-RateLimit-Remaining, X-RateLimit-Reset,
        X-OAuth-Scopes, X-Accepted-OAuth-Scopes, X-Poll-Interval
      Access-Control-Allow-Origin:
      - "*"
      Content-Security-Policy:
      - default-src 'none'
      Strict-Transport-Security:
      - max-age=31536000; includeSubdomains; preload
      X-Content-Type-Options:
      - nosniff
      X-Frame-Options:
      - deny
      X-Xss-Protection:
      - 1; mode=block
      Vary:
      - Accept-Encoding
      X-Served-By:
      - d594a23ec74671eba905bf91ef329026
      X-Github-Request-Id:
      - 3EFEF783:B212:A898CC5:5746F509
    body:
      encoding: UTF-8
      string: ''
    http_version: 
  recorded_at: Thu, 26 May 2016 13:07:22 GMT
recorded_with: VCR 3.0.1
