---
http_interactions:
- request:
    method: post
    uri: https://api.github.com/user/repos
    body:
      encoding: UTF-8
      string: '{"auto_init":true,"name":"my-awesome-repo"}'
    headers:
      Accept:
      - application/vnd.github.v3+json
      User-Agent:
      - Octokit Ruby Gem 4.3.0
      Content-Type:
      - application/json
      Authorization:
      - token <GITHUB_TOKEN>
      Accept-Encoding:
      - gzip;q=1.0,deflate;q=0.6,identity;q=0.3
  response:
    status:
      code: 201
      message: Created
    headers:
      Server:
      - GitHub.com
      Date:
      - Wed, 11 May 2016 09:44:26 GMT
      Content-Type:
      - application/json; charset=utf-8
      Content-Length:
      - '5500'
      Status:
      - 201 Created
      X-Ratelimit-Limit:
      - '5000'
      X-Ratelimit-Remaining:
      - '4719'
      X-Ratelimit-Reset:
      - '1462962503'
      Cache-Control:
      - private, max-age=60, s-maxage=60
      Vary:
      - Accept, Authorization, Cookie, X-GitHub-OTP
      - Accept-Encoding
      Etag:
      - '"26e5b9b32a092c1b996ef4812a004e39"'
      X-Oauth-Scopes:
      - delete_repo, repo, user:email
      X-Accepted-Oauth-Scopes:
      - public_repo, repo
      X-Oauth-Client-Id:
      - 5a928d2c36588bef4f4c
      Location:
      - https://api.github.com/repos/git-data-publisher/my-awesome-repo
      X-Github-Media-Type:
      - github.v3; format=json
      Access-Control-Expose-Headers:
      - ETag, Link, X-GitHub-OTP, X-RateLimit-Limit, X-RateLimit-Remaining, X-RateLimit-Reset,
        X-OAuth-Scopes, X-Accepted-OAuth-Scopes, X-Poll-Interval
      Access-Control-Allow-Origin:
      - "*"
      Content-Security-Policy:
      - default-src 'none'
      Strict-Transport-Security:
      - max-age=31536000; includeSubdomains; preload
      X-Content-Type-Options:
      - nosniff
      X-Frame-Options:
      - deny
      X-Xss-Protection:
      - 1; mode=block
      X-Served-By:
      - 173530fed4bbeb1e264b2ed22e8b5c20
      X-Github-Request-Id:
      - 56A82ECA:2CBD:A70316C:5732FEF9
    body:
      encoding: UTF-8
      string: '{"id":58532785,"name":"my-awesome-repo","full_name":"git-data-publisher/my-awesome-repo","owner":{"login":"git-data-publisher","id":9130479,"avatar_url":"https://avatars.githubusercontent.com/u/9130479?v=3","gravatar_id":"","url":"https://api.github.com/users/git-data-publisher","html_url":"https://github.com/git-data-publisher","followers_url":"https://api.github.com/users/git-data-publisher/followers","following_url":"https://api.github.com/users/git-data-publisher/following{/other_user}","gists_url":"https://api.github.com/users/git-data-publisher/gists{/gist_id}","starred_url":"https://api.github.com/users/git-data-publisher/starred{/owner}{/repo}","subscriptions_url":"https://api.github.com/users/git-data-publisher/subscriptions","organizations_url":"https://api.github.com/users/git-data-publisher/orgs","repos_url":"https://api.github.com/users/git-data-publisher/repos","events_url":"https://api.github.com/users/git-data-publisher/events{/privacy}","received_events_url":"https://api.github.com/users/git-data-publisher/received_events","type":"User","site_admin":false},"private":false,"html_url":"https://github.com/git-data-publisher/my-awesome-repo","description":null,"fork":false,"url":"https://api.github.com/repos/git-data-publisher/my-awesome-repo","forks_url":"https://api.github.com/repos/git-data-publisher/my-awesome-repo/forks","keys_url":"https://api.github.com/repos/git-data-publisher/my-awesome-repo/keys{/key_id}","collaborators_url":"https://api.github.com/repos/git-data-publisher/my-awesome-repo/collaborators{/collaborator}","teams_url":"https://api.github.com/repos/git-data-publisher/my-awesome-repo/teams","hooks_url":"https://api.github.com/repos/git-data-publisher/my-awesome-repo/hooks","issue_events_url":"https://api.github.com/repos/git-data-publisher/my-awesome-repo/issues/events{/number}","events_url":"https://api.github.com/repos/git-data-publisher/my-awesome-repo/events","assignees_url":"https://api.github.com/repos/git-data-publisher/my-awesome-repo/assignees{/user}","branches_url":"https://api.github.com/repos/git-data-publisher/my-awesome-repo/branches{/branch}","tags_url":"https://api.github.com/repos/git-data-publisher/my-awesome-repo/tags","blobs_url":"https://api.github.com/repos/git-data-publisher/my-awesome-repo/git/blobs{/sha}","git_tags_url":"https://api.github.com/repos/git-data-publisher/my-awesome-repo/git/tags{/sha}","git_refs_url":"https://api.github.com/repos/git-data-publisher/my-awesome-repo/git/refs{/sha}","trees_url":"https://api.github.com/repos/git-data-publisher/my-awesome-repo/git/trees{/sha}","statuses_url":"https://api.github.com/repos/git-data-publisher/my-awesome-repo/statuses/{sha}","languages_url":"https://api.github.com/repos/git-data-publisher/my-awesome-repo/languages","stargazers_url":"https://api.github.com/repos/git-data-publisher/my-awesome-repo/stargazers","contributors_url":"https://api.github.com/repos/git-data-publisher/my-awesome-repo/contributors","subscribers_url":"https://api.github.com/repos/git-data-publisher/my-awesome-repo/subscribers","subscription_url":"https://api.github.com/repos/git-data-publisher/my-awesome-repo/subscription","commits_url":"https://api.github.com/repos/git-data-publisher/my-awesome-repo/commits{/sha}","git_commits_url":"https://api.github.com/repos/git-data-publisher/my-awesome-repo/git/commits{/sha}","comments_url":"https://api.github.com/repos/git-data-publisher/my-awesome-repo/comments{/number}","issue_comment_url":"https://api.github.com/repos/git-data-publisher/my-awesome-repo/issues/comments{/number}","contents_url":"https://api.github.com/repos/git-data-publisher/my-awesome-repo/contents/{+path}","compare_url":"https://api.github.com/repos/git-data-publisher/my-awesome-repo/compare/{base}...{head}","merges_url":"https://api.github.com/repos/git-data-publisher/my-awesome-repo/merges","archive_url":"https://api.github.com/repos/git-data-publisher/my-awesome-repo/{archive_format}{/ref}","downloads_url":"https://api.github.com/repos/git-data-publisher/my-awesome-repo/downloads","issues_url":"https://api.github.com/repos/git-data-publisher/my-awesome-repo/issues{/number}","pulls_url":"https://api.github.com/repos/git-data-publisher/my-awesome-repo/pulls{/number}","milestones_url":"https://api.github.com/repos/git-data-publisher/my-awesome-repo/milestones{/number}","notifications_url":"https://api.github.com/repos/git-data-publisher/my-awesome-repo/notifications{?since,all,participating}","labels_url":"https://api.github.com/repos/git-data-publisher/my-awesome-repo/labels{/name}","releases_url":"https://api.github.com/repos/git-data-publisher/my-awesome-repo/releases{/id}","deployments_url":"https://api.github.com/repos/git-data-publisher/my-awesome-repo/deployments","created_at":"2016-05-11T09:44:25Z","updated_at":"2016-05-11T09:44:25Z","pushed_at":"2016-05-11T09:44:26Z","git_url":"git://github.com/git-data-publisher/my-awesome-repo.git","ssh_url":"git@github.com:git-data-publisher/my-awesome-repo.git","clone_url":"https://github.com/git-data-publisher/my-awesome-repo.git","svn_url":"https://github.com/git-data-publisher/my-awesome-repo","homepage":null,"size":0,"stargazers_count":0,"watchers_count":0,"language":null,"has_issues":true,"has_downloads":true,"has_wiki":true,"has_pages":false,"forks_count":0,"mirror_url":null,"open_issues_count":0,"forks":0,"open_issues":0,"watchers":0,"default_branch":"master","permissions":{"admin":true,"push":true,"pull":true},"network_count":0,"subscribers_count":1}'
    http_version: 
  recorded_at: Wed, 11 May 2016 09:45:04 GMT
- request:
    method: get
    uri: https://api.github.com/repos/git-data-publisher/my-awesome-repo/branches/master
    body:
      encoding: US-ASCII
      string: ''
    headers:
      Accept:
      - application/vnd.github.v3+json
      User-Agent:
      - Octokit Ruby Gem 4.3.0
      Content-Type:
      - application/json
      Authorization:
      - token <GITHUB_TOKEN>
      Accept-Encoding:
      - gzip;q=1.0,deflate;q=0.6,identity;q=0.3
  response:
    status:
      code: 200
      message: OK
    headers:
      Server:
      - GitHub.com
      Date:
      - Wed, 11 May 2016 09:44:27 GMT
      Content-Type:
      - application/json; charset=utf-8
      Transfer-Encoding:
      - chunked
      Status:
      - 200 OK
      X-Ratelimit-Limit:
      - '5000'
      X-Ratelimit-Remaining:
      - '4718'
      X-Ratelimit-Reset:
      - '1462962503'
      Cache-Control:
      - private, max-age=60, s-maxage=60
      Vary:
      - Accept, Authorization, Cookie, X-GitHub-OTP
      - Accept-Encoding
      Etag:
      - W/"06b280f405277d2fbc949812ee2161a3"
      X-Oauth-Scopes:
      - delete_repo, repo, user:email
      X-Accepted-Oauth-Scopes:
      - ''
      X-Oauth-Client-Id:
      - 5a928d2c36588bef4f4c
      X-Github-Media-Type:
      - github.v3; format=json
      Access-Control-Expose-Headers:
      - ETag, Link, X-GitHub-OTP, X-RateLimit-Limit, X-RateLimit-Remaining, X-RateLimit-Reset,
        X-OAuth-Scopes, X-Accepted-OAuth-Scopes, X-Poll-Interval
      Access-Control-Allow-Origin:
      - "*"
      Content-Security-Policy:
      - default-src 'none'
      Strict-Transport-Security:
      - max-age=31536000; includeSubdomains; preload
      X-Content-Type-Options:
      - nosniff
      X-Frame-Options:
      - deny
      X-Xss-Protection:
      - 1; mode=block
      X-Served-By:
      - 8a5c38021a5cd7cef7b8f49a296fee40
      X-Github-Request-Id:
      - 56A82ECA:FD16:5718FD7:5732FEFA
    body:
      encoding: UTF-8
      string: '{"name":"master","commit":{"sha":"f4ca878a79c8beeef9bc56843d2687e013f9054d","commit":{"author":{"name":"git-data-publisher","email":"pezholio+git-data-publisher@gmail.com","date":"2016-05-11T09:44:26Z"},"committer":{"name":"git-data-publisher","email":"pezholio+git-data-publisher@gmail.com","date":"2016-05-11T09:44:26Z"},"message":"Initial
        commit","tree":{"sha":"c028dbbdc73e274b5ef646cc63bf5c0bd0ca18ff","url":"https://api.github.com/repos/git-data-publisher/my-awesome-repo/git/trees/c028dbbdc73e274b5ef646cc63bf5c0bd0ca18ff"},"url":"https://api.github.com/repos/git-data-publisher/my-awesome-repo/git/commits/f4ca878a79c8beeef9bc56843d2687e013f9054d","comment_count":0},"url":"https://api.github.com/repos/git-data-publisher/my-awesome-repo/commits/f4ca878a79c8beeef9bc56843d2687e013f9054d","html_url":"https://github.com/git-data-publisher/my-awesome-repo/commit/f4ca878a79c8beeef9bc56843d2687e013f9054d","comments_url":"https://api.github.com/repos/git-data-publisher/my-awesome-repo/commits/f4ca878a79c8beeef9bc56843d2687e013f9054d/comments","author":{"login":"git-data-publisher","id":9130479,"avatar_url":"https://avatars.githubusercontent.com/u/9130479?v=3","gravatar_id":"","url":"https://api.github.com/users/git-data-publisher","html_url":"https://github.com/git-data-publisher","followers_url":"https://api.github.com/users/git-data-publisher/followers","following_url":"https://api.github.com/users/git-data-publisher/following{/other_user}","gists_url":"https://api.github.com/users/git-data-publisher/gists{/gist_id}","starred_url":"https://api.github.com/users/git-data-publisher/starred{/owner}{/repo}","subscriptions_url":"https://api.github.com/users/git-data-publisher/subscriptions","organizations_url":"https://api.github.com/users/git-data-publisher/orgs","repos_url":"https://api.github.com/users/git-data-publisher/repos","events_url":"https://api.github.com/users/git-data-publisher/events{/privacy}","received_events_url":"https://api.github.com/users/git-data-publisher/received_events","type":"User","site_admin":false},"committer":{"login":"git-data-publisher","id":9130479,"avatar_url":"https://avatars.githubusercontent.com/u/9130479?v=3","gravatar_id":"","url":"https://api.github.com/users/git-data-publisher","html_url":"https://github.com/git-data-publisher","followers_url":"https://api.github.com/users/git-data-publisher/followers","following_url":"https://api.github.com/users/git-data-publisher/following{/other_user}","gists_url":"https://api.github.com/users/git-data-publisher/gists{/gist_id}","starred_url":"https://api.github.com/users/git-data-publisher/starred{/owner}{/repo}","subscriptions_url":"https://api.github.com/users/git-data-publisher/subscriptions","organizations_url":"https://api.github.com/users/git-data-publisher/orgs","repos_url":"https://api.github.com/users/git-data-publisher/repos","events_url":"https://api.github.com/users/git-data-publisher/events{/privacy}","received_events_url":"https://api.github.com/users/git-data-publisher/received_events","type":"User","site_admin":false},"parents":[]},"_links":{"self":"https://api.github.com/repos/git-data-publisher/my-awesome-repo/branches/master","html":"https://github.com/git-data-publisher/my-awesome-repo/tree/master"}}'
    http_version: 
  recorded_at: Wed, 11 May 2016 09:45:05 GMT
- request:
    method: post
    uri: https://api.github.com/repos/git-data-publisher/my-awesome-repo/git/refs
    body:
      encoding: UTF-8
      string: '{"ref":"refs/heads/gh-pages","sha":"f4ca878a79c8beeef9bc56843d2687e013f9054d"}'
    headers:
      Accept:
      - application/vnd.github.v3+json
      User-Agent:
      - Octokit Ruby Gem 4.3.0
      Content-Type:
      - application/json
      Authorization:
      - token <GITHUB_TOKEN>
      Accept-Encoding:
      - gzip;q=1.0,deflate;q=0.6,identity;q=0.3
  response:
    status:
      code: 201
      message: Created
    headers:
      Server:
      - GitHub.com
      Date:
      - Wed, 11 May 2016 09:44:27 GMT
      Content-Type:
      - application/json; charset=utf-8
      Content-Length:
      - '326'
      Status:
      - 201 Created
      X-Ratelimit-Limit:
      - '5000'
      X-Ratelimit-Remaining:
      - '4717'
      X-Ratelimit-Reset:
      - '1462962503'
      Cache-Control:
      - private, max-age=60, s-maxage=60
      Vary:
      - Accept, Authorization, Cookie, X-GitHub-OTP
      - Accept-Encoding
      Etag:
      - '"feb838867c03030651c1ae868622dd33"'
      X-Oauth-Scopes:
      - delete_repo, repo, user:email
      X-Accepted-Oauth-Scopes:
      - ''
      X-Oauth-Client-Id:
      - 5a928d2c36588bef4f4c
      Location:
      - https://api.github.com/repos/git-data-publisher/my-awesome-repo/git/refs/heads/gh-pages
      X-Github-Media-Type:
      - github.v3; format=json
      Access-Control-Expose-Headers:
      - ETag, Link, X-GitHub-OTP, X-RateLimit-Limit, X-RateLimit-Remaining, X-RateLimit-Reset,
        X-OAuth-Scopes, X-Accepted-OAuth-Scopes, X-Poll-Interval
      Access-Control-Allow-Origin:
      - "*"
      Content-Security-Policy:
      - default-src 'none'
      Strict-Transport-Security:
      - max-age=31536000; includeSubdomains; preload
      X-Content-Type-Options:
      - nosniff
      X-Frame-Options:
      - deny
      X-Xss-Protection:
      - 1; mode=block
      X-Served-By:
      - dc1ce2bfb41810a06c705e83b388572d
      X-Github-Request-Id:
      - 56A82ECA:FD14:2E3801D:5732FEFB
    body:
      encoding: UTF-8
      string: '{"ref":"refs/heads/gh-pages","url":"https://api.github.com/repos/git-data-publisher/my-awesome-repo/git/refs/heads/gh-pages","object":{"sha":"f4ca878a79c8beeef9bc56843d2687e013f9054d","type":"commit","url":"https://api.github.com/repos/git-data-publisher/my-awesome-repo/git/commits/f4ca878a79c8beeef9bc56843d2687e013f9054d"}}'
    http_version: 
  recorded_at: Wed, 11 May 2016 09:45:06 GMT
- request:
    method: patch
    uri: https://api.github.com/repos/git-data-publisher/my-awesome-repo
    body:
      encoding: UTF-8
      string: '{"default_branch":"gh-pages","name":"my-awesome-repo"}'
    headers:
      Accept:
      - application/vnd.github.v3+json
      User-Agent:
      - Octokit Ruby Gem 4.3.0
      Content-Type:
      - application/json
      Authorization:
      - token <GITHUB_TOKEN>
      Accept-Encoding:
      - gzip;q=1.0,deflate;q=0.6,identity;q=0.3
  response:
    status:
      code: 200
      message: OK
    headers:
      Server:
      - GitHub.com
      Date:
      - Wed, 11 May 2016 09:44:28 GMT
      Content-Type:
      - application/json; charset=utf-8
      Transfer-Encoding:
      - chunked
      Status:
      - 200 OK
      X-Ratelimit-Limit:
      - '5000'
      X-Ratelimit-Remaining:
      - '4716'
      X-Ratelimit-Reset:
      - '1462962503'
      Cache-Control:
      - private, max-age=60, s-maxage=60
      Vary:
      - Accept, Authorization, Cookie, X-GitHub-OTP
      - Accept-Encoding
      Etag:
      - W/"d58351d594abc71616a75045d9d93781"
      X-Oauth-Scopes:
      - delete_repo, repo, user:email
      X-Accepted-Oauth-Scopes:
      - ''
      X-Oauth-Client-Id:
      - 5a928d2c36588bef4f4c
      X-Github-Media-Type:
      - github.v3; format=json
      Access-Control-Expose-Headers:
      - ETag, Link, X-GitHub-OTP, X-RateLimit-Limit, X-RateLimit-Remaining, X-RateLimit-Reset,
        X-OAuth-Scopes, X-Accepted-OAuth-Scopes, X-Poll-Interval
      Access-Control-Allow-Origin:
      - "*"
      Content-Security-Policy:
      - default-src 'none'
      Strict-Transport-Security:
      - max-age=31536000; includeSubdomains; preload
      X-Content-Type-Options:
      - nosniff
      X-Frame-Options:
      - deny
      X-Xss-Protection:
      - 1; mode=block
      X-Served-By:
      - 76d9828c7e4f1d910f7ba069e90ce976
      X-Github-Request-Id:
      - 56A82ECA:FD1A:A65616D:5732FEFB
    body:
      encoding: UTF-8
      string: '{"id":58532785,"name":"my-awesome-repo","full_name":"git-data-publisher/my-awesome-repo","owner":{"login":"git-data-publisher","id":9130479,"avatar_url":"https://avatars.githubusercontent.com/u/9130479?v=3","gravatar_id":"","url":"https://api.github.com/users/git-data-publisher","html_url":"https://github.com/git-data-publisher","followers_url":"https://api.github.com/users/git-data-publisher/followers","following_url":"https://api.github.com/users/git-data-publisher/following{/other_user}","gists_url":"https://api.github.com/users/git-data-publisher/gists{/gist_id}","starred_url":"https://api.github.com/users/git-data-publisher/starred{/owner}{/repo}","subscriptions_url":"https://api.github.com/users/git-data-publisher/subscriptions","organizations_url":"https://api.github.com/users/git-data-publisher/orgs","repos_url":"https://api.github.com/users/git-data-publisher/repos","events_url":"https://api.github.com/users/git-data-publisher/events{/privacy}","received_events_url":"https://api.github.com/users/git-data-publisher/received_events","type":"User","site_admin":false},"private":false,"html_url":"https://github.com/git-data-publisher/my-awesome-repo","description":null,"fork":false,"url":"https://api.github.com/repos/git-data-publisher/my-awesome-repo","forks_url":"https://api.github.com/repos/git-data-publisher/my-awesome-repo/forks","keys_url":"https://api.github.com/repos/git-data-publisher/my-awesome-repo/keys{/key_id}","collaborators_url":"https://api.github.com/repos/git-data-publisher/my-awesome-repo/collaborators{/collaborator}","teams_url":"https://api.github.com/repos/git-data-publisher/my-awesome-repo/teams","hooks_url":"https://api.github.com/repos/git-data-publisher/my-awesome-repo/hooks","issue_events_url":"https://api.github.com/repos/git-data-publisher/my-awesome-repo/issues/events{/number}","events_url":"https://api.github.com/repos/git-data-publisher/my-awesome-repo/events","assignees_url":"https://api.github.com/repos/git-data-publisher/my-awesome-repo/assignees{/user}","branches_url":"https://api.github.com/repos/git-data-publisher/my-awesome-repo/branches{/branch}","tags_url":"https://api.github.com/repos/git-data-publisher/my-awesome-repo/tags","blobs_url":"https://api.github.com/repos/git-data-publisher/my-awesome-repo/git/blobs{/sha}","git_tags_url":"https://api.github.com/repos/git-data-publisher/my-awesome-repo/git/tags{/sha}","git_refs_url":"https://api.github.com/repos/git-data-publisher/my-awesome-repo/git/refs{/sha}","trees_url":"https://api.github.com/repos/git-data-publisher/my-awesome-repo/git/trees{/sha}","statuses_url":"https://api.github.com/repos/git-data-publisher/my-awesome-repo/statuses/{sha}","languages_url":"https://api.github.com/repos/git-data-publisher/my-awesome-repo/languages","stargazers_url":"https://api.github.com/repos/git-data-publisher/my-awesome-repo/stargazers","contributors_url":"https://api.github.com/repos/git-data-publisher/my-awesome-repo/contributors","subscribers_url":"https://api.github.com/repos/git-data-publisher/my-awesome-repo/subscribers","subscription_url":"https://api.github.com/repos/git-data-publisher/my-awesome-repo/subscription","commits_url":"https://api.github.com/repos/git-data-publisher/my-awesome-repo/commits{/sha}","git_commits_url":"https://api.github.com/repos/git-data-publisher/my-awesome-repo/git/commits{/sha}","comments_url":"https://api.github.com/repos/git-data-publisher/my-awesome-repo/comments{/number}","issue_comment_url":"https://api.github.com/repos/git-data-publisher/my-awesome-repo/issues/comments{/number}","contents_url":"https://api.github.com/repos/git-data-publisher/my-awesome-repo/contents/{+path}","compare_url":"https://api.github.com/repos/git-data-publisher/my-awesome-repo/compare/{base}...{head}","merges_url":"https://api.github.com/repos/git-data-publisher/my-awesome-repo/merges","archive_url":"https://api.github.com/repos/git-data-publisher/my-awesome-repo/{archive_format}{/ref}","downloads_url":"https://api.github.com/repos/git-data-publisher/my-awesome-repo/downloads","issues_url":"https://api.github.com/repos/git-data-publisher/my-awesome-repo/issues{/number}","pulls_url":"https://api.github.com/repos/git-data-publisher/my-awesome-repo/pulls{/number}","milestones_url":"https://api.github.com/repos/git-data-publisher/my-awesome-repo/milestones{/number}","notifications_url":"https://api.github.com/repos/git-data-publisher/my-awesome-repo/notifications{?since,all,participating}","labels_url":"https://api.github.com/repos/git-data-publisher/my-awesome-repo/labels{/name}","releases_url":"https://api.github.com/repos/git-data-publisher/my-awesome-repo/releases{/id}","deployments_url":"https://api.github.com/repos/git-data-publisher/my-awesome-repo/deployments","created_at":"2016-05-11T09:44:25Z","updated_at":"2016-05-11T09:44:25Z","pushed_at":"2016-05-11T09:44:27Z","git_url":"git://github.com/git-data-publisher/my-awesome-repo.git","ssh_url":"git@github.com:git-data-publisher/my-awesome-repo.git","clone_url":"https://github.com/git-data-publisher/my-awesome-repo.git","svn_url":"https://github.com/git-data-publisher/my-awesome-repo","homepage":null,"size":0,"stargazers_count":0,"watchers_count":0,"language":null,"has_issues":true,"has_downloads":true,"has_wiki":true,"has_pages":true,"forks_count":0,"mirror_url":null,"open_issues_count":0,"forks":0,"open_issues":0,"watchers":0,"default_branch":"gh-pages","permissions":{"admin":true,"push":true,"pull":true},"network_count":0,"subscribers_count":1}'
    http_version: 
  recorded_at: Wed, 11 May 2016 09:45:06 GMT
- request:
    method: post
    uri: https://api.github.com/repos/git-data-publisher/my-awesome-repo/git/blobs
    body:
      encoding: UTF-8
      string: '{"content":"1,2,3\n\"Foo\",\"Bar\",\"Baz\"\n","encoding":"utf-8"}'
    headers:
      Accept:
      - application/vnd.github.v3+json
      User-Agent:
      - Octokit Ruby Gem 4.3.0
      Content-Type:
      - application/json
      Authorization:
      - token <GITHUB_TOKEN>
      Accept-Encoding:
      - gzip;q=1.0,deflate;q=0.6,identity;q=0.3
  response:
    status:
      code: 201
      message: Created
    headers:
      Server:
      - GitHub.com
      Date:
      - Wed, 11 May 2016 09:44:28 GMT
      Content-Type:
      - application/json; charset=utf-8
      Content-Length:
      - '173'
      Status:
      - 201 Created
      X-Ratelimit-Limit:
      - '5000'
      X-Ratelimit-Remaining:
      - '4715'
      X-Ratelimit-Reset:
      - '1462962503'
      Cache-Control:
      - private, max-age=60, s-maxage=60
      Vary:
      - Accept, Authorization, Cookie, X-GitHub-OTP
      - Accept-Encoding
      Etag:
      - '"f85d1b6fddd7e4c0c32f342611abe465"'
      X-Oauth-Scopes:
      - delete_repo, repo, user:email
      X-Accepted-Oauth-Scopes:
      - ''
      X-Oauth-Client-Id:
      - 5a928d2c36588bef4f4c
      Location:
      - https://api.github.com/repos/git-data-publisher/my-awesome-repo/git/blobs/c46d38c374cd81824aeb74476abc53293db77b08
      X-Github-Media-Type:
      - github.v3; format=json
      Access-Control-Expose-Headers:
      - ETag, Link, X-GitHub-OTP, X-RateLimit-Limit, X-RateLimit-Remaining, X-RateLimit-Reset,
        X-OAuth-Scopes, X-Accepted-OAuth-Scopes, X-Poll-Interval
      Access-Control-Allow-Origin:
      - "*"
      Content-Security-Policy:
      - default-src 'none'
      Strict-Transport-Security:
      - max-age=31536000; includeSubdomains; preload
      X-Content-Type-Options:
      - nosniff
      X-Frame-Options:
      - deny
      X-Xss-Protection:
      - 1; mode=block
      X-Served-By:
      - bd82876e9bf04990f289ba22f246ee9b
      X-Github-Request-Id:
      - 56A82ECA:FD15:3E2096A:5732FEFC
    body:
      encoding: UTF-8
      string: '{"sha":"c46d38c374cd81824aeb74476abc53293db77b08","url":"https://api.github.com/repos/git-data-publisher/my-awesome-repo/git/blobs/c46d38c374cd81824aeb74476abc53293db77b08"}'
    http_version: 
  recorded_at: Wed, 11 May 2016 09:45:07 GMT
- request:
    method: get
    uri: https://api.github.com/repos/git-data-publisher/my-awesome-repo/branches/gh-pages
    body:
      encoding: US-ASCII
      string: ''
    headers:
      Accept:
      - application/vnd.github.v3+json
      User-Agent:
      - Octokit Ruby Gem 4.3.0
      Content-Type:
      - application/json
      Authorization:
      - token <GITHUB_TOKEN>
      Accept-Encoding:
      - gzip;q=1.0,deflate;q=0.6,identity;q=0.3
  response:
    status:
      code: 200
      message: OK
    headers:
      Server:
      - GitHub.com
      Date:
      - Wed, 11 May 2016 09:44:28 GMT
      Content-Type:
      - application/json; charset=utf-8
      Transfer-Encoding:
      - chunked
      Status:
      - 200 OK
      X-Ratelimit-Limit:
      - '5000'
      X-Ratelimit-Remaining:
      - '4713'
      X-Ratelimit-Reset:
      - '1462962503'
      Cache-Control:
      - private, max-age=60, s-maxage=60
      Vary:
      - Accept, Authorization, Cookie, X-GitHub-OTP
      - Accept-Encoding
      Etag:
      - W/"5ebb5eadb541df9ac38aaef2ddf18622"
      X-Oauth-Scopes:
      - delete_repo, repo, user:email
      X-Accepted-Oauth-Scopes:
      - ''
      X-Oauth-Client-Id:
      - 5a928d2c36588bef4f4c
      X-Github-Media-Type:
      - github.v3; format=json
      Access-Control-Expose-Headers:
      - ETag, Link, X-GitHub-OTP, X-RateLimit-Limit, X-RateLimit-Remaining, X-RateLimit-Reset,
        X-OAuth-Scopes, X-Accepted-OAuth-Scopes, X-Poll-Interval
      Access-Control-Allow-Origin:
      - "*"
      Content-Security-Policy:
      - default-src 'none'
      Strict-Transport-Security:
      - max-age=31536000; includeSubdomains; preload
      X-Content-Type-Options:
      - nosniff
      X-Frame-Options:
      - deny
      X-Xss-Protection:
      - 1; mode=block
      X-Served-By:
      - 52437fedc85beec8da3449496900fb9a
      X-Github-Request-Id:
      - 56A82ECA:FD14:2E380D0:5732FEFC
    body:
      encoding: UTF-8
      string: '{"name":"gh-pages","commit":{"sha":"f4ca878a79c8beeef9bc56843d2687e013f9054d","commit":{"author":{"name":"git-data-publisher","email":"pezholio+git-data-publisher@gmail.com","date":"2016-05-11T09:44:26Z"},"committer":{"name":"git-data-publisher","email":"pezholio+git-data-publisher@gmail.com","date":"2016-05-11T09:44:26Z"},"message":"Initial
        commit","tree":{"sha":"c028dbbdc73e274b5ef646cc63bf5c0bd0ca18ff","url":"https://api.github.com/repos/git-data-publisher/my-awesome-repo/git/trees/c028dbbdc73e274b5ef646cc63bf5c0bd0ca18ff"},"url":"https://api.github.com/repos/git-data-publisher/my-awesome-repo/git/commits/f4ca878a79c8beeef9bc56843d2687e013f9054d","comment_count":0},"url":"https://api.github.com/repos/git-data-publisher/my-awesome-repo/commits/f4ca878a79c8beeef9bc56843d2687e013f9054d","html_url":"https://github.com/git-data-publisher/my-awesome-repo/commit/f4ca878a79c8beeef9bc56843d2687e013f9054d","comments_url":"https://api.github.com/repos/git-data-publisher/my-awesome-repo/commits/f4ca878a79c8beeef9bc56843d2687e013f9054d/comments","author":{"login":"git-data-publisher","id":9130479,"avatar_url":"https://avatars.githubusercontent.com/u/9130479?v=3","gravatar_id":"","url":"https://api.github.com/users/git-data-publisher","html_url":"https://github.com/git-data-publisher","followers_url":"https://api.github.com/users/git-data-publisher/followers","following_url":"https://api.github.com/users/git-data-publisher/following{/other_user}","gists_url":"https://api.github.com/users/git-data-publisher/gists{/gist_id}","starred_url":"https://api.github.com/users/git-data-publisher/starred{/owner}{/repo}","subscriptions_url":"https://api.github.com/users/git-data-publisher/subscriptions","organizations_url":"https://api.github.com/users/git-data-publisher/orgs","repos_url":"https://api.github.com/users/git-data-publisher/repos","events_url":"https://api.github.com/users/git-data-publisher/events{/privacy}","received_events_url":"https://api.github.com/users/git-data-publisher/received_events","type":"User","site_admin":false},"committer":{"login":"git-data-publisher","id":9130479,"avatar_url":"https://avatars.githubusercontent.com/u/9130479?v=3","gravatar_id":"","url":"https://api.github.com/users/git-data-publisher","html_url":"https://github.com/git-data-publisher","followers_url":"https://api.github.com/users/git-data-publisher/followers","following_url":"https://api.github.com/users/git-data-publisher/following{/other_user}","gists_url":"https://api.github.com/users/git-data-publisher/gists{/gist_id}","starred_url":"https://api.github.com/users/git-data-publisher/starred{/owner}{/repo}","subscriptions_url":"https://api.github.com/users/git-data-publisher/subscriptions","organizations_url":"https://api.github.com/users/git-data-publisher/orgs","repos_url":"https://api.github.com/users/git-data-publisher/repos","events_url":"https://api.github.com/users/git-data-publisher/events{/privacy}","received_events_url":"https://api.github.com/users/git-data-publisher/received_events","type":"User","site_admin":false},"parents":[]},"_links":{"self":"https://api.github.com/repos/git-data-publisher/my-awesome-repo/branches/gh-pages","html":"https://github.com/git-data-publisher/my-awesome-repo/tree/gh-pages"}}'
    http_version: 
  recorded_at: Wed, 11 May 2016 09:45:07 GMT
- request:
    method: get
    uri: https://api.github.com/repos/git-data-publisher/my-awesome-repo/git/refs
    body:
      encoding: US-ASCII
      string: ''
    headers:
      Accept:
      - application/vnd.github.v3+json
      User-Agent:
      - Octokit Ruby Gem 4.3.0
      Content-Type:
      - application/json
      Authorization:
      - token <GITHUB_TOKEN>
      Accept-Encoding:
      - gzip;q=1.0,deflate;q=0.6,identity;q=0.3
  response:
    status:
      code: 200
      message: OK
    headers:
      Server:
      - GitHub.com
      Date:
      - Wed, 11 May 2016 09:44:29 GMT
      Content-Type:
      - application/json; charset=utf-8
      Transfer-Encoding:
      - chunked
      Status:
      - 200 OK
      X-Ratelimit-Limit:
      - '5000'
      X-Ratelimit-Remaining:
      - '4711'
      X-Ratelimit-Reset:
      - '1462962503'
      Cache-Control:
      - private, max-age=60, s-maxage=60
      Vary:
      - Accept, Authorization, Cookie, X-GitHub-OTP
      - Accept-Encoding
      Etag:
      - W/"63947f0930d77b21b40bbe0e863e5b46"
      Last-Modified:
      - Wed, 11 May 2016 09:44:25 GMT
      X-Poll-Interval:
      - '300'
      X-Oauth-Scopes:
      - delete_repo, repo, user:email
      X-Accepted-Oauth-Scopes:
      - ''
      X-Oauth-Client-Id:
      - 5a928d2c36588bef4f4c
      X-Github-Media-Type:
      - github.v3; format=json
      Access-Control-Expose-Headers:
      - ETag, Link, X-GitHub-OTP, X-RateLimit-Limit, X-RateLimit-Remaining, X-RateLimit-Reset,
        X-OAuth-Scopes, X-Accepted-OAuth-Scopes, X-Poll-Interval
      Access-Control-Allow-Origin:
      - "*"
      Content-Security-Policy:
      - default-src 'none'
      Strict-Transport-Security:
      - max-age=31536000; includeSubdomains; preload
      X-Content-Type-Options:
      - nosniff
      X-Frame-Options:
      - deny
      X-Xss-Protection:
      - 1; mode=block
      X-Served-By:
      - 139317cebd6caf9cd03889139437f00b
      X-Github-Request-Id:
      - 56A82ECA:FD19:B4A7B63:5732FEFD
    body:
      encoding: UTF-8
      string: '[{"ref":"refs/heads/gh-pages","url":"https://api.github.com/repos/git-data-publisher/my-awesome-repo/git/refs/heads/gh-pages","object":{"sha":"f4ca878a79c8beeef9bc56843d2687e013f9054d","type":"commit","url":"https://api.github.com/repos/git-data-publisher/my-awesome-repo/git/commits/f4ca878a79c8beeef9bc56843d2687e013f9054d"}},{"ref":"refs/heads/master","url":"https://api.github.com/repos/git-data-publisher/my-awesome-repo/git/refs/heads/master","object":{"sha":"f4ca878a79c8beeef9bc56843d2687e013f9054d","type":"commit","url":"https://api.github.com/repos/git-data-publisher/my-awesome-repo/git/commits/f4ca878a79c8beeef9bc56843d2687e013f9054d"}}]'
    http_version: 
  recorded_at: Wed, 11 May 2016 09:45:07 GMT
- request:
    method: post
    uri: https://api.github.com/repos/git-data-publisher/my-awesome-repo/git/trees
    body:
      encoding: UTF-8
      string: '{"base_tree":"f4ca878a79c8beeef9bc56843d2687e013f9054d","tree":[{"path":"my-awesome-file.csv","mode":"100644","type":"blob","sha":"c46d38c374cd81824aeb74476abc53293db77b08"}]}'
    headers:
      Accept:
      - application/vnd.github.v3+json
      User-Agent:
      - Octokit Ruby Gem 4.3.0
      Content-Type:
      - application/json
      Authorization:
      - token <GITHUB_TOKEN>
      Accept-Encoding:
      - gzip;q=1.0,deflate;q=0.6,identity;q=0.3
  response:
    status:
      code: 201
      message: Created
    headers:
      Server:
      - GitHub.com
      Date:
      - Wed, 11 May 2016 09:44:29 GMT
      Content-Type:
      - application/json; charset=utf-8
      Content-Length:
      - '676'
      Status:
      - 201 Created
      X-Ratelimit-Limit:
      - '5000'
      X-Ratelimit-Remaining:
      - '4710'
      X-Ratelimit-Reset:
      - '1462962503'
      Cache-Control:
      - private, max-age=60, s-maxage=60
      Vary:
      - Accept, Authorization, Cookie, X-GitHub-OTP
      - Accept-Encoding
      Etag:
      - '"1034c508d47c7eb505e0b5cb397eb43b"'
      X-Oauth-Scopes:
      - delete_repo, repo, user:email
      X-Accepted-Oauth-Scopes:
      - ''
      X-Oauth-Client-Id:
      - 5a928d2c36588bef4f4c
      Location:
      - https://api.github.com/repos/git-data-publisher/my-awesome-repo/git/trees/89ab3406ce18db1cf77949a1de53756dda66d66e
      X-Github-Media-Type:
      - github.v3; format=json
      Access-Control-Expose-Headers:
      - ETag, Link, X-GitHub-OTP, X-RateLimit-Limit, X-RateLimit-Remaining, X-RateLimit-Reset,
        X-OAuth-Scopes, X-Accepted-OAuth-Scopes, X-Poll-Interval
      Access-Control-Allow-Origin:
      - "*"
      Content-Security-Policy:
      - default-src 'none'
      Strict-Transport-Security:
      - max-age=31536000; includeSubdomains; preload
      X-Content-Type-Options:
      - nosniff
      X-Frame-Options:
      - deny
      X-Xss-Protection:
      - 1; mode=block
      X-Served-By:
      - 2d7a5e35115884240089368322196939
      X-Github-Request-Id:
      - 56A82ECA:FD13:2494B2E:5732FEFD
    body:
      encoding: UTF-8
      string: '{"sha":"89ab3406ce18db1cf77949a1de53756dda66d66e","url":"https://api.github.com/repos/git-data-publisher/my-awesome-repo/git/trees/89ab3406ce18db1cf77949a1de53756dda66d66e","tree":[{"path":"README.md","mode":"100644","type":"blob","sha":"98b86d075133bc45f0a96ce008175bb5a4f6567a","size":17,"url":"https://api.github.com/repos/git-data-publisher/my-awesome-repo/git/blobs/98b86d075133bc45f0a96ce008175bb5a4f6567a"},{"path":"my-awesome-file.csv","mode":"100644","type":"blob","sha":"c46d38c374cd81824aeb74476abc53293db77b08","size":24,"url":"https://api.github.com/repos/git-data-publisher/my-awesome-repo/git/blobs/c46d38c374cd81824aeb74476abc53293db77b08"}],"truncated":false}'
    http_version: 
  recorded_at: Wed, 11 May 2016 09:45:08 GMT
- request:
    method: post
    uri: https://api.github.com/repos/git-data-publisher/my-awesome-repo/git/commits
    body:
      encoding: UTF-8
      string: '{"message":"Update 2016-05-11T10:45:07+01:00 [ci skip]","tree":"89ab3406ce18db1cf77949a1de53756dda66d66e","parents":["f4ca878a79c8beeef9bc56843d2687e013f9054d"]}'
    headers:
      Accept:
      - application/vnd.github.v3+json
      User-Agent:
      - Octokit Ruby Gem 4.3.0
      Content-Type:
      - application/json
      Authorization:
      - token <GITHUB_TOKEN>
      Accept-Encoding:
      - gzip;q=1.0,deflate;q=0.6,identity;q=0.3
  response:
    status:
      code: 201
      message: Created
    headers:
      Server:
      - GitHub.com
      Date:
      - Wed, 11 May 2016 09:44:30 GMT
      Content-Type:
      - application/json; charset=utf-8
      Content-Length:
      - '1066'
      Status:
      - 201 Created
      X-Ratelimit-Limit:
      - '5000'
      X-Ratelimit-Remaining:
      - '4709'
      X-Ratelimit-Reset:
      - '1462962503'
      Cache-Control:
      - private, max-age=60, s-maxage=60
      Vary:
      - Accept, Authorization, Cookie, X-GitHub-OTP
      - Accept-Encoding
      Etag:
      - '"2bfbe5a8f08460422b5cb8e7cfd4347c"'
      X-Oauth-Scopes:
      - delete_repo, repo, user:email
      X-Accepted-Oauth-Scopes:
      - ''
      X-Oauth-Client-Id:
      - 5a928d2c36588bef4f4c
      Location:
      - https://api.github.com/repos/git-data-publisher/my-awesome-repo/git/commits/eb6e022b2a71f75ca4a4ab37f15eaacccc062ea7
      X-Github-Media-Type:
      - github.v3; format=json
      Access-Control-Expose-Headers:
      - ETag, Link, X-GitHub-OTP, X-RateLimit-Limit, X-RateLimit-Remaining, X-RateLimit-Reset,
        X-OAuth-Scopes, X-Accepted-OAuth-Scopes, X-Poll-Interval
      Access-Control-Allow-Origin:
      - "*"
      Content-Security-Policy:
      - default-src 'none'
      Strict-Transport-Security:
      - max-age=31536000; includeSubdomains; preload
      X-Content-Type-Options:
      - nosniff
      X-Frame-Options:
      - deny
      X-Xss-Protection:
      - 1; mode=block
      X-Served-By:
      - 139317cebd6caf9cd03889139437f00b
      X-Github-Request-Id:
      - 56A82ECA:FD16:57192F6:5732FEFE
    body:
      encoding: UTF-8
      string: '{"sha":"eb6e022b2a71f75ca4a4ab37f15eaacccc062ea7","url":"https://api.github.com/repos/git-data-publisher/my-awesome-repo/git/commits/eb6e022b2a71f75ca4a4ab37f15eaacccc062ea7","html_url":"https://github.com/git-data-publisher/my-awesome-repo/commit/eb6e022b2a71f75ca4a4ab37f15eaacccc062ea7","author":{"name":"git-data-publisher","email":"pezholio+git-data-publisher@gmail.com","date":"2016-05-11T09:44:30Z"},"committer":{"name":"git-data-publisher","email":"pezholio+git-data-publisher@gmail.com","date":"2016-05-11T09:44:30Z"},"tree":{"sha":"89ab3406ce18db1cf77949a1de53756dda66d66e","url":"https://api.github.com/repos/git-data-publisher/my-awesome-repo/git/trees/89ab3406ce18db1cf77949a1de53756dda66d66e"},"message":"Update
        2016-05-11T10:45:07+01:00 [ci skip]","parents":[{"sha":"f4ca878a79c8beeef9bc56843d2687e013f9054d","url":"https://api.github.com/repos/git-data-publisher/my-awesome-repo/git/commits/f4ca878a79c8beeef9bc56843d2687e013f9054d","html_url":"https://github.com/git-data-publisher/my-awesome-repo/commit/f4ca878a79c8beeef9bc56843d2687e013f9054d"}]}'
    http_version: 
  recorded_at: Wed, 11 May 2016 09:45:08 GMT
- request:
    method: patch
    uri: https://api.github.com/repos/git-data-publisher/my-awesome-repo/git/refs/heads/gh-pages
    body:
      encoding: UTF-8
      string: '{"sha":"eb6e022b2a71f75ca4a4ab37f15eaacccc062ea7","force":true}'
    headers:
      Accept:
      - application/vnd.github.v3+json
      User-Agent:
      - Octokit Ruby Gem 4.3.0
      Content-Type:
      - application/json
      Authorization:
      - token <GITHUB_TOKEN>
      Accept-Encoding:
      - gzip;q=1.0,deflate;q=0.6,identity;q=0.3
  response:
    status:
      code: 200
      message: OK
    headers:
      Server:
      - GitHub.com
      Date:
      - Wed, 11 May 2016 09:44:30 GMT
      Content-Type:
      - application/json; charset=utf-8
      Transfer-Encoding:
      - chunked
      Status:
      - 200 OK
      X-Ratelimit-Limit:
      - '5000'
      X-Ratelimit-Remaining:
      - '4705'
      X-Ratelimit-Reset:
      - '1462962503'
      Cache-Control:
      - private, max-age=60, s-maxage=60
      Vary:
      - Accept, Authorization, Cookie, X-GitHub-OTP
      - Accept-Encoding
      Etag:
      - W/"48ad480a09fa0a5bc6b54b5d03b3a5e5"
      X-Oauth-Scopes:
      - delete_repo, repo, user:email
      X-Accepted-Oauth-Scopes:
      - ''
      X-Oauth-Client-Id:
      - 5a928d2c36588bef4f4c
      X-Github-Media-Type:
      - github.v3; format=json
      Access-Control-Expose-Headers:
      - ETag, Link, X-GitHub-OTP, X-RateLimit-Limit, X-RateLimit-Remaining, X-RateLimit-Reset,
        X-OAuth-Scopes, X-Accepted-OAuth-Scopes, X-Poll-Interval
      Access-Control-Allow-Origin:
      - "*"
      Content-Security-Policy:
      - default-src 'none'
      Strict-Transport-Security:
      - max-age=31536000; includeSubdomains; preload
      X-Content-Type-Options:
      - nosniff
      X-Frame-Options:
      - deny
      X-Xss-Protection:
      - 1; mode=block
      X-Served-By:
      - 139317cebd6caf9cd03889139437f00b
      X-Github-Request-Id:
      - 56A82ECA:FD1A:A65649D:5732FEFE
    body:
      encoding: UTF-8
      string: '{"ref":"refs/heads/gh-pages","url":"https://api.github.com/repos/git-data-publisher/my-awesome-repo/git/refs/heads/gh-pages","object":{"sha":"eb6e022b2a71f75ca4a4ab37f15eaacccc062ea7","type":"commit","url":"https://api.github.com/repos/git-data-publisher/my-awesome-repo/git/commits/eb6e022b2a71f75ca4a4ab37f15eaacccc062ea7"}}'
    http_version: 
  recorded_at: Wed, 11 May 2016 09:45:09 GMT
- request:
    method: get
    uri: https://api.github.com/repos/git-data-publisher/my-awesome-repo
    body:
      encoding: US-ASCII
      string: ''
    headers:
      Accept:
      - application/vnd.github.v3+json
      User-Agent:
      - Octokit Ruby Gem 4.3.0
      Content-Type:
      - application/json
      Authorization:
      - token <GITHUB_TOKEN>
      Accept-Encoding:
      - gzip;q=1.0,deflate;q=0.6,identity;q=0.3
  response:
    status:
      code: 200
      message: OK
    headers:
      Server:
      - GitHub.com
      Date:
      - Wed, 11 May 2016 09:44:31 GMT
      Content-Type:
      - application/json; charset=utf-8
      Transfer-Encoding:
      - chunked
      Status:
      - 200 OK
      X-Ratelimit-Limit:
      - '5000'
      X-Ratelimit-Remaining:
      - '4704'
      X-Ratelimit-Reset:
      - '1462962503'
      Cache-Control:
      - private, max-age=60, s-maxage=60
      Vary:
      - Accept, Authorization, Cookie, X-GitHub-OTP
      - Accept-Encoding
      Etag:
      - W/"eba1acb09665bc53b91a2d239fc31406"
      Last-Modified:
      - Wed, 11 May 2016 09:44:25 GMT
      X-Oauth-Scopes:
      - delete_repo, repo, user:email
      X-Accepted-Oauth-Scopes:
      - repo
      X-Oauth-Client-Id:
      - 5a928d2c36588bef4f4c
      X-Github-Media-Type:
      - github.v3; format=json
      Access-Control-Expose-Headers:
      - ETag, Link, X-GitHub-OTP, X-RateLimit-Limit, X-RateLimit-Remaining, X-RateLimit-Reset,
        X-OAuth-Scopes, X-Accepted-OAuth-Scopes, X-Poll-Interval
      Access-Control-Allow-Origin:
      - "*"
      Content-Security-Policy:
      - default-src 'none'
      Strict-Transport-Security:
      - max-age=31536000; includeSubdomains; preload
      X-Content-Type-Options:
      - nosniff
      X-Frame-Options:
      - deny
      X-Xss-Protection:
      - 1; mode=block
      X-Served-By:
      - a30e6f9aa7cf5731b87dfb3b9992202d
      X-Github-Request-Id:
      - 56A82ECA:FD1A:A656522:5732FEFE
    body:
      encoding: UTF-8
      string: '{"id":58532785,"name":"my-awesome-repo","full_name":"git-data-publisher/my-awesome-repo","owner":{"login":"git-data-publisher","id":9130479,"avatar_url":"https://avatars.githubusercontent.com/u/9130479?v=3","gravatar_id":"","url":"https://api.github.com/users/git-data-publisher","html_url":"https://github.com/git-data-publisher","followers_url":"https://api.github.com/users/git-data-publisher/followers","following_url":"https://api.github.com/users/git-data-publisher/following{/other_user}","gists_url":"https://api.github.com/users/git-data-publisher/gists{/gist_id}","starred_url":"https://api.github.com/users/git-data-publisher/starred{/owner}{/repo}","subscriptions_url":"https://api.github.com/users/git-data-publisher/subscriptions","organizations_url":"https://api.github.com/users/git-data-publisher/orgs","repos_url":"https://api.github.com/users/git-data-publisher/repos","events_url":"https://api.github.com/users/git-data-publisher/events{/privacy}","received_events_url":"https://api.github.com/users/git-data-publisher/received_events","type":"User","site_admin":false},"private":false,"html_url":"https://github.com/git-data-publisher/my-awesome-repo","description":null,"fork":false,"url":"https://api.github.com/repos/git-data-publisher/my-awesome-repo","forks_url":"https://api.github.com/repos/git-data-publisher/my-awesome-repo/forks","keys_url":"https://api.github.com/repos/git-data-publisher/my-awesome-repo/keys{/key_id}","collaborators_url":"https://api.github.com/repos/git-data-publisher/my-awesome-repo/collaborators{/collaborator}","teams_url":"https://api.github.com/repos/git-data-publisher/my-awesome-repo/teams","hooks_url":"https://api.github.com/repos/git-data-publisher/my-awesome-repo/hooks","issue_events_url":"https://api.github.com/repos/git-data-publisher/my-awesome-repo/issues/events{/number}","events_url":"https://api.github.com/repos/git-data-publisher/my-awesome-repo/events","assignees_url":"https://api.github.com/repos/git-data-publisher/my-awesome-repo/assignees{/user}","branches_url":"https://api.github.com/repos/git-data-publisher/my-awesome-repo/branches{/branch}","tags_url":"https://api.github.com/repos/git-data-publisher/my-awesome-repo/tags","blobs_url":"https://api.github.com/repos/git-data-publisher/my-awesome-repo/git/blobs{/sha}","git_tags_url":"https://api.github.com/repos/git-data-publisher/my-awesome-repo/git/tags{/sha}","git_refs_url":"https://api.github.com/repos/git-data-publisher/my-awesome-repo/git/refs{/sha}","trees_url":"https://api.github.com/repos/git-data-publisher/my-awesome-repo/git/trees{/sha}","statuses_url":"https://api.github.com/repos/git-data-publisher/my-awesome-repo/statuses/{sha}","languages_url":"https://api.github.com/repos/git-data-publisher/my-awesome-repo/languages","stargazers_url":"https://api.github.com/repos/git-data-publisher/my-awesome-repo/stargazers","contributors_url":"https://api.github.com/repos/git-data-publisher/my-awesome-repo/contributors","subscribers_url":"https://api.github.com/repos/git-data-publisher/my-awesome-repo/subscribers","subscription_url":"https://api.github.com/repos/git-data-publisher/my-awesome-repo/subscription","commits_url":"https://api.github.com/repos/git-data-publisher/my-awesome-repo/commits{/sha}","git_commits_url":"https://api.github.com/repos/git-data-publisher/my-awesome-repo/git/commits{/sha}","comments_url":"https://api.github.com/repos/git-data-publisher/my-awesome-repo/comments{/number}","issue_comment_url":"https://api.github.com/repos/git-data-publisher/my-awesome-repo/issues/comments{/number}","contents_url":"https://api.github.com/repos/git-data-publisher/my-awesome-repo/contents/{+path}","compare_url":"https://api.github.com/repos/git-data-publisher/my-awesome-repo/compare/{base}...{head}","merges_url":"https://api.github.com/repos/git-data-publisher/my-awesome-repo/merges","archive_url":"https://api.github.com/repos/git-data-publisher/my-awesome-repo/{archive_format}{/ref}","downloads_url":"https://api.github.com/repos/git-data-publisher/my-awesome-repo/downloads","issues_url":"https://api.github.com/repos/git-data-publisher/my-awesome-repo/issues{/number}","pulls_url":"https://api.github.com/repos/git-data-publisher/my-awesome-repo/pulls{/number}","milestones_url":"https://api.github.com/repos/git-data-publisher/my-awesome-repo/milestones{/number}","notifications_url":"https://api.github.com/repos/git-data-publisher/my-awesome-repo/notifications{?since,all,participating}","labels_url":"https://api.github.com/repos/git-data-publisher/my-awesome-repo/labels{/name}","releases_url":"https://api.github.com/repos/git-data-publisher/my-awesome-repo/releases{/id}","deployments_url":"https://api.github.com/repos/git-data-publisher/my-awesome-repo/deployments","created_at":"2016-05-11T09:44:25Z","updated_at":"2016-05-11T09:44:25Z","pushed_at":"2016-05-11T09:44:30Z","git_url":"git://github.com/git-data-publisher/my-awesome-repo.git","ssh_url":"git@github.com:git-data-publisher/my-awesome-repo.git","clone_url":"https://github.com/git-data-publisher/my-awesome-repo.git","svn_url":"https://github.com/git-data-publisher/my-awesome-repo","homepage":null,"size":0,"stargazers_count":0,"watchers_count":0,"language":null,"has_issues":true,"has_downloads":true,"has_wiki":true,"has_pages":true,"forks_count":0,"mirror_url":null,"open_issues_count":0,"forks":0,"open_issues":0,"watchers":0,"default_branch":"gh-pages","permissions":{"admin":true,"push":true,"pull":true},"network_count":0,"subscribers_count":1}'
    http_version: 
  recorded_at: Wed, 11 May 2016 09:45:09 GMT
- request:
    method: get
    uri: https://api.github.com/repos/git-data-publisher/my-awesome-repo/git/refs
    body:
      encoding: US-ASCII
      string: ''
    headers:
      Accept:
      - application/vnd.github.v3+json
      User-Agent:
      - Octokit Ruby Gem 4.3.0
      Content-Type:
      - application/json
      Authorization:
      - token <GITHUB_TOKEN>
      Accept-Encoding:
      - gzip;q=1.0,deflate;q=0.6,identity;q=0.3
  response:
    status:
      code: 200
      message: OK
    headers:
      Server:
      - GitHub.com
      Date:
      - Wed, 11 May 2016 09:44:31 GMT
      Content-Type:
      - application/json; charset=utf-8
      Transfer-Encoding:
      - chunked
      Status:
      - 200 OK
      X-Ratelimit-Limit:
      - '5000'
      X-Ratelimit-Remaining:
      - '4703'
      X-Ratelimit-Reset:
      - '1462962503'
      Cache-Control:
      - private, max-age=60, s-maxage=60
      Vary:
      - Accept, Authorization, Cookie, X-GitHub-OTP
      - Accept-Encoding
      Etag:
      - W/"3b92e3abcd5c43783521651efa6d2397"
      Last-Modified:
      - Wed, 11 May 2016 09:44:25 GMT
      X-Poll-Interval:
      - '300'
      X-Oauth-Scopes:
      - delete_repo, repo, user:email
      X-Accepted-Oauth-Scopes:
      - ''
      X-Oauth-Client-Id:
      - 5a928d2c36588bef4f4c
      X-Github-Media-Type:
      - github.v3; format=json
      Access-Control-Expose-Headers:
      - ETag, Link, X-GitHub-OTP, X-RateLimit-Limit, X-RateLimit-Remaining, X-RateLimit-Reset,
        X-OAuth-Scopes, X-Accepted-OAuth-Scopes, X-Poll-Interval
      Access-Control-Allow-Origin:
      - "*"
      Content-Security-Policy:
      - default-src 'none'
      Strict-Transport-Security:
      - max-age=31536000; includeSubdomains; preload
      X-Content-Type-Options:
      - nosniff
      X-Frame-Options:
      - deny
      X-Xss-Protection:
      - 1; mode=block
      X-Served-By:
      - dc1ce2bfb41810a06c705e83b388572d
      X-Github-Request-Id:
      - 56A82ECA:FD18:9951B55:5732FEFF
    body:
      encoding: UTF-8
      string: '[{"ref":"refs/heads/gh-pages","url":"https://api.github.com/repos/git-data-publisher/my-awesome-repo/git/refs/heads/gh-pages","object":{"sha":"eb6e022b2a71f75ca4a4ab37f15eaacccc062ea7","type":"commit","url":"https://api.github.com/repos/git-data-publisher/my-awesome-repo/git/commits/eb6e022b2a71f75ca4a4ab37f15eaacccc062ea7"}},{"ref":"refs/heads/master","url":"https://api.github.com/repos/git-data-publisher/my-awesome-repo/git/refs/heads/master","object":{"sha":"f4ca878a79c8beeef9bc56843d2687e013f9054d","type":"commit","url":"https://api.github.com/repos/git-data-publisher/my-awesome-repo/git/commits/f4ca878a79c8beeef9bc56843d2687e013f9054d"}}]'
    http_version: 
  recorded_at: Wed, 11 May 2016 09:45:10 GMT
- request:
    method: get
    uri: https://api.github.com/repos/git-data-publisher/my-awesome-repo/git/trees/eb6e022b2a71f75ca4a4ab37f15eaacccc062ea7?recursive=true
    body:
      encoding: US-ASCII
      string: ''
    headers:
      Accept:
      - application/vnd.github.v3+json
      User-Agent:
      - Octokit Ruby Gem 4.3.0
      Content-Type:
      - application/json
      Authorization:
      - token <GITHUB_TOKEN>
      Accept-Encoding:
      - gzip;q=1.0,deflate;q=0.6,identity;q=0.3
  response:
    status:
      code: 200
      message: OK
    headers:
      Server:
      - GitHub.com
      Date:
      - Wed, 11 May 2016 09:44:32 GMT
      Content-Type:
      - application/json; charset=utf-8
      Transfer-Encoding:
      - chunked
      Status:
      - 200 OK
      X-Ratelimit-Limit:
      - '5000'
      X-Ratelimit-Remaining:
      - '4702'
      X-Ratelimit-Reset:
      - '1462962503'
      Cache-Control:
      - private, max-age=60, s-maxage=60
      Vary:
      - Accept, Authorization, Cookie, X-GitHub-OTP
      - Accept-Encoding
      Etag:
      - W/"4f50daf965f81ce89815249722c3ef55"
      Last-Modified:
      - Wed, 11 May 2016 09:44:25 GMT
      X-Oauth-Scopes:
      - delete_repo, repo, user:email
      X-Accepted-Oauth-Scopes:
      - ''
      X-Oauth-Client-Id:
      - 5a928d2c36588bef4f4c
      X-Github-Media-Type:
      - github.v3; format=json
      Access-Control-Expose-Headers:
      - ETag, Link, X-GitHub-OTP, X-RateLimit-Limit, X-RateLimit-Remaining, X-RateLimit-Reset,
        X-OAuth-Scopes, X-Accepted-OAuth-Scopes, X-Poll-Interval
      Access-Control-Allow-Origin:
      - "*"
      Content-Security-Policy:
      - default-src 'none'
      Strict-Transport-Security:
      - max-age=31536000; includeSubdomains; preload
      X-Content-Type-Options:
      - nosniff
      X-Frame-Options:
      - deny
      X-Xss-Protection:
      - 1; mode=block
      X-Served-By:
      - 318e55760cf7cdb40e61175a4d36cd32
      X-Github-Request-Id:
      - 56A82ECA:FD18:9951BEA:5732FEFF
    body:
      encoding: UTF-8
      string: '{"sha":"eb6e022b2a71f75ca4a4ab37f15eaacccc062ea7","url":"https://api.github.com/repos/git-data-publisher/my-awesome-repo/git/trees/eb6e022b2a71f75ca4a4ab37f15eaacccc062ea7","tree":[{"path":"README.md","mode":"100644","type":"blob","sha":"98b86d075133bc45f0a96ce008175bb5a4f6567a","size":17,"url":"https://api.github.com/repos/git-data-publisher/my-awesome-repo/git/blobs/98b86d075133bc45f0a96ce008175bb5a4f6567a"},{"path":"my-awesome-file.csv","mode":"100644","type":"blob","sha":"c46d38c374cd81824aeb74476abc53293db77b08","size":24,"url":"https://api.github.com/repos/git-data-publisher/my-awesome-repo/git/blobs/c46d38c374cd81824aeb74476abc53293db77b08"}],"truncated":false}'
    http_version: 
  recorded_at: Wed, 11 May 2016 09:45:10 GMT
- request:
    method: post
    uri: https://api.github.com/repos/git-data-publisher/my-awesome-repo/git/blobs
    body:
      encoding: UTF-8
      string: '{"content":"new,content,here\r\n1,2,3","encoding":"utf-8"}'
    headers:
      Accept:
      - application/vnd.github.v3+json
      User-Agent:
      - Octokit Ruby Gem 4.3.0
      Content-Type:
      - application/json
      Authorization:
      - token <GITHUB_TOKEN>
      Accept-Encoding:
      - gzip;q=1.0,deflate;q=0.6,identity;q=0.3
  response:
    status:
      code: 201
      message: Created
    headers:
      Server:
      - GitHub.com
      Date:
      - Wed, 11 May 2016 09:44:32 GMT
      Content-Type:
      - application/json; charset=utf-8
      Content-Length:
      - '173'
      Status:
      - 201 Created
      X-Ratelimit-Limit:
      - '5000'
      X-Ratelimit-Remaining:
      - '4700'
      X-Ratelimit-Reset:
      - '1462962503'
      Cache-Control:
      - private, max-age=60, s-maxage=60
      Vary:
      - Accept, Authorization, Cookie, X-GitHub-OTP
      - Accept-Encoding
      Etag:
      - '"96c6be84ea717e53992586c50f3dd253"'
      X-Oauth-Scopes:
      - delete_repo, repo, user:email
      X-Accepted-Oauth-Scopes:
      - ''
      X-Oauth-Client-Id:
      - 5a928d2c36588bef4f4c
      Location:
      - https://api.github.com/repos/git-data-publisher/my-awesome-repo/git/blobs/d373990e0a90d67e4d7fe645cbc29c60bddead6a
      X-Github-Media-Type:
      - github.v3; format=json
      Access-Control-Expose-Headers:
      - ETag, Link, X-GitHub-OTP, X-RateLimit-Limit, X-RateLimit-Remaining, X-RateLimit-Reset,
        X-OAuth-Scopes, X-Accepted-OAuth-Scopes, X-Poll-Interval
      Access-Control-Allow-Origin:
      - "*"
      Content-Security-Policy:
      - default-src 'none'
      Strict-Transport-Security:
      - max-age=31536000; includeSubdomains; preload
      X-Content-Type-Options:
      - nosniff
      X-Frame-Options:
      - deny
      X-Xss-Protection:
      - 1; mode=block
      X-Served-By:
      - 4c8b2d4732c413f4b9aefe394bd65569
      X-Github-Request-Id:
      - 56A82ECA:FD1A:A6566A4:5732FF00
    body:
      encoding: UTF-8
      string: '{"sha":"d373990e0a90d67e4d7fe645cbc29c60bddead6a","url":"https://api.github.com/repos/git-data-publisher/my-awesome-repo/git/blobs/d373990e0a90d67e4d7fe645cbc29c60bddead6a"}'
    http_version: 
  recorded_at: Wed, 11 May 2016 09:45:10 GMT
- request:
    method: get
    uri: https://api.github.com/repos/git-data-publisher/my-awesome-repo/branches/gh-pages
    body:
      encoding: US-ASCII
      string: ''
    headers:
      Accept:
      - application/vnd.github.v3+json
      User-Agent:
      - Octokit Ruby Gem 4.3.0
      Content-Type:
      - application/json
      Authorization:
      - token <GITHUB_TOKEN>
      Accept-Encoding:
      - gzip;q=1.0,deflate;q=0.6,identity;q=0.3
  response:
    status:
      code: 200
      message: OK
    headers:
      Server:
      - GitHub.com
      Date:
      - Wed, 11 May 2016 09:44:32 GMT
      Content-Type:
      - application/json; charset=utf-8
      Transfer-Encoding:
      - chunked
      Status:
      - 200 OK
      X-Ratelimit-Limit:
      - '5000'
      X-Ratelimit-Remaining:
      - '4698'
      X-Ratelimit-Reset:
      - '1462962503'
      Cache-Control:
      - private, max-age=60, s-maxage=60
      Vary:
      - Accept, Authorization, Cookie, X-GitHub-OTP
      - Accept-Encoding
      Etag:
      - W/"88e8dc68c0cffd68b482bc95fa65679c"
      X-Oauth-Scopes:
      - delete_repo, repo, user:email
      X-Accepted-Oauth-Scopes:
      - ''
      X-Oauth-Client-Id:
      - 5a928d2c36588bef4f4c
      X-Github-Media-Type:
      - github.v3; format=json
      Access-Control-Expose-Headers:
      - ETag, Link, X-GitHub-OTP, X-RateLimit-Limit, X-RateLimit-Remaining, X-RateLimit-Reset,
        X-OAuth-Scopes, X-Accepted-OAuth-Scopes, X-Poll-Interval
      Access-Control-Allow-Origin:
      - "*"
      Content-Security-Policy:
      - default-src 'none'
      Strict-Transport-Security:
      - max-age=31536000; includeSubdomains; preload
      X-Content-Type-Options:
      - nosniff
      X-Frame-Options:
      - deny
      X-Xss-Protection:
      - 1; mode=block
      X-Served-By:
      - e724c57ebb9961c772a91e2dd7421c8d
      X-Github-Request-Id:
      - 56A82ECA:FD1A:A65672E:5732FF00
    body:
      encoding: UTF-8
      string: '{"name":"gh-pages","commit":{"sha":"eb6e022b2a71f75ca4a4ab37f15eaacccc062ea7","commit":{"author":{"name":"git-data-publisher","email":"pezholio+git-data-publisher@gmail.com","date":"2016-05-11T09:44:30Z"},"committer":{"name":"git-data-publisher","email":"pezholio+git-data-publisher@gmail.com","date":"2016-05-11T09:44:30Z"},"message":"Update
        2016-05-11T10:45:07+01:00 [ci skip]","tree":{"sha":"89ab3406ce18db1cf77949a1de53756dda66d66e","url":"https://api.github.com/repos/git-data-publisher/my-awesome-repo/git/trees/89ab3406ce18db1cf77949a1de53756dda66d66e"},"url":"https://api.github.com/repos/git-data-publisher/my-awesome-repo/git/commits/eb6e022b2a71f75ca4a4ab37f15eaacccc062ea7","comment_count":0},"url":"https://api.github.com/repos/git-data-publisher/my-awesome-repo/commits/eb6e022b2a71f75ca4a4ab37f15eaacccc062ea7","html_url":"https://github.com/git-data-publisher/my-awesome-repo/commit/eb6e022b2a71f75ca4a4ab37f15eaacccc062ea7","comments_url":"https://api.github.com/repos/git-data-publisher/my-awesome-repo/commits/eb6e022b2a71f75ca4a4ab37f15eaacccc062ea7/comments","author":{"login":"git-data-publisher","id":9130479,"avatar_url":"https://avatars.githubusercontent.com/u/9130479?v=3","gravatar_id":"","url":"https://api.github.com/users/git-data-publisher","html_url":"https://github.com/git-data-publisher","followers_url":"https://api.github.com/users/git-data-publisher/followers","following_url":"https://api.github.com/users/git-data-publisher/following{/other_user}","gists_url":"https://api.github.com/users/git-data-publisher/gists{/gist_id}","starred_url":"https://api.github.com/users/git-data-publisher/starred{/owner}{/repo}","subscriptions_url":"https://api.github.com/users/git-data-publisher/subscriptions","organizations_url":"https://api.github.com/users/git-data-publisher/orgs","repos_url":"https://api.github.com/users/git-data-publisher/repos","events_url":"https://api.github.com/users/git-data-publisher/events{/privacy}","received_events_url":"https://api.github.com/users/git-data-publisher/received_events","type":"User","site_admin":false},"committer":{"login":"git-data-publisher","id":9130479,"avatar_url":"https://avatars.githubusercontent.com/u/9130479?v=3","gravatar_id":"","url":"https://api.github.com/users/git-data-publisher","html_url":"https://github.com/git-data-publisher","followers_url":"https://api.github.com/users/git-data-publisher/followers","following_url":"https://api.github.com/users/git-data-publisher/following{/other_user}","gists_url":"https://api.github.com/users/git-data-publisher/gists{/gist_id}","starred_url":"https://api.github.com/users/git-data-publisher/starred{/owner}{/repo}","subscriptions_url":"https://api.github.com/users/git-data-publisher/subscriptions","organizations_url":"https://api.github.com/users/git-data-publisher/orgs","repos_url":"https://api.github.com/users/git-data-publisher/repos","events_url":"https://api.github.com/users/git-data-publisher/events{/privacy}","received_events_url":"https://api.github.com/users/git-data-publisher/received_events","type":"User","site_admin":false},"parents":[{"sha":"f4ca878a79c8beeef9bc56843d2687e013f9054d","url":"https://api.github.com/repos/git-data-publisher/my-awesome-repo/commits/f4ca878a79c8beeef9bc56843d2687e013f9054d","html_url":"https://github.com/git-data-publisher/my-awesome-repo/commit/f4ca878a79c8beeef9bc56843d2687e013f9054d"}]},"_links":{"self":"https://api.github.com/repos/git-data-publisher/my-awesome-repo/branches/gh-pages","html":"https://github.com/git-data-publisher/my-awesome-repo/tree/gh-pages"}}'
    http_version: 
  recorded_at: Wed, 11 May 2016 09:45:11 GMT
- request:
    method: get
    uri: https://api.github.com/repos/git-data-publisher/my-awesome-repo/git/refs
    body:
      encoding: US-ASCII
      string: ''
    headers:
      Accept:
      - application/vnd.github.v3+json
      User-Agent:
      - Octokit Ruby Gem 4.3.0
      Content-Type:
      - application/json
      Authorization:
      - token <GITHUB_TOKEN>
      Accept-Encoding:
      - gzip;q=1.0,deflate;q=0.6,identity;q=0.3
  response:
    status:
      code: 200
      message: OK
    headers:
      Server:
      - GitHub.com
      Date:
      - Wed, 11 May 2016 09:44:33 GMT
      Content-Type:
      - application/json; charset=utf-8
      Transfer-Encoding:
      - chunked
      Status:
      - 200 OK
      X-Ratelimit-Limit:
      - '5000'
      X-Ratelimit-Remaining:
      - '4697'
      X-Ratelimit-Reset:
      - '1462962503'
      Cache-Control:
      - private, max-age=60, s-maxage=60
      Vary:
      - Accept, Authorization, Cookie, X-GitHub-OTP
      - Accept-Encoding
      Etag:
      - W/"3b92e3abcd5c43783521651efa6d2397"
      Last-Modified:
      - Wed, 11 May 2016 09:44:25 GMT
      X-Poll-Interval:
      - '300'
      X-Oauth-Scopes:
      - delete_repo, repo, user:email
      X-Accepted-Oauth-Scopes:
      - ''
      X-Oauth-Client-Id:
      - 5a928d2c36588bef4f4c
      X-Github-Media-Type:
      - github.v3; format=json
      Access-Control-Expose-Headers:
      - ETag, Link, X-GitHub-OTP, X-RateLimit-Limit, X-RateLimit-Remaining, X-RateLimit-Reset,
        X-OAuth-Scopes, X-Accepted-OAuth-Scopes, X-Poll-Interval
      Access-Control-Allow-Origin:
      - "*"
      Content-Security-Policy:
      - default-src 'none'
      Strict-Transport-Security:
      - max-age=31536000; includeSubdomains; preload
      X-Content-Type-Options:
      - nosniff
      X-Frame-Options:
      - deny
      X-Xss-Protection:
      - 1; mode=block
      X-Served-By:
      - dc1ce2bfb41810a06c705e83b388572d
      X-Github-Request-Id:
      - 56A82ECA:FD19:B4A8230:5732FF01
    body:
      encoding: UTF-8
      string: '[{"ref":"refs/heads/gh-pages","url":"https://api.github.com/repos/git-data-publisher/my-awesome-repo/git/refs/heads/gh-pages","object":{"sha":"eb6e022b2a71f75ca4a4ab37f15eaacccc062ea7","type":"commit","url":"https://api.github.com/repos/git-data-publisher/my-awesome-repo/git/commits/eb6e022b2a71f75ca4a4ab37f15eaacccc062ea7"}},{"ref":"refs/heads/master","url":"https://api.github.com/repos/git-data-publisher/my-awesome-repo/git/refs/heads/master","object":{"sha":"f4ca878a79c8beeef9bc56843d2687e013f9054d","type":"commit","url":"https://api.github.com/repos/git-data-publisher/my-awesome-repo/git/commits/f4ca878a79c8beeef9bc56843d2687e013f9054d"}}]'
    http_version: 
  recorded_at: Wed, 11 May 2016 09:45:11 GMT
- request:
    method: post
    uri: https://api.github.com/repos/git-data-publisher/my-awesome-repo/git/trees
    body:
      encoding: UTF-8
      string: '{"base_tree":"eb6e022b2a71f75ca4a4ab37f15eaacccc062ea7","tree":[{"path":"README.md","mode":"100644","type":"blob","sha":"98b86d075133bc45f0a96ce008175bb5a4f6567a"},{"path":"my-awesome-file.csv","mode":"100644","type":"blob","sha":"d373990e0a90d67e4d7fe645cbc29c60bddead6a"}]}'
    headers:
      Accept:
      - application/vnd.github.v3+json
      User-Agent:
      - Octokit Ruby Gem 4.3.0
      Content-Type:
      - application/json
      Authorization:
      - token <GITHUB_TOKEN>
      Accept-Encoding:
      - gzip;q=1.0,deflate;q=0.6,identity;q=0.3
  response:
    status:
      code: 201
      message: Created
    headers:
      Server:
      - GitHub.com
      Date:
      - Wed, 11 May 2016 09:44:33 GMT
      Content-Type:
      - application/json; charset=utf-8
      Content-Length:
      - '676'
      Status:
      - 201 Created
      X-Ratelimit-Limit:
      - '5000'
      X-Ratelimit-Remaining:
      - '4696'
      X-Ratelimit-Reset:
      - '1462962503'
      Cache-Control:
      - private, max-age=60, s-maxage=60
      Vary:
      - Accept, Authorization, Cookie, X-GitHub-OTP
      - Accept-Encoding
      Etag:
      - '"2eb91f78fa52ac458d5ec22e2364a1c9"'
      X-Oauth-Scopes:
      - delete_repo, repo, user:email
      X-Accepted-Oauth-Scopes:
      - ''
      X-Oauth-Client-Id:
      - 5a928d2c36588bef4f4c
      Location:
      - https://api.github.com/repos/git-data-publisher/my-awesome-repo/git/trees/43df67244a6fcb9abbf9ac2c9c16ef5b8f45aaed
      X-Github-Media-Type:
      - github.v3; format=json
      Access-Control-Expose-Headers:
      - ETag, Link, X-GitHub-OTP, X-RateLimit-Limit, X-RateLimit-Remaining, X-RateLimit-Reset,
        X-OAuth-Scopes, X-Accepted-OAuth-Scopes, X-Poll-Interval
      Access-Control-Allow-Origin:
      - "*"
      Content-Security-Policy:
      - default-src 'none'
      Strict-Transport-Security:
      - max-age=31536000; includeSubdomains; preload
      X-Content-Type-Options:
      - nosniff
      X-Frame-Options:
      - deny
      X-Xss-Protection:
      - 1; mode=block
      X-Served-By:
      - 52437fedc85beec8da3449496900fb9a
      X-Github-Request-Id:
      - 56A82ECA:FD16:57195F6:5732FF01
    body:
      encoding: UTF-8
      string: '{"sha":"43df67244a6fcb9abbf9ac2c9c16ef5b8f45aaed","url":"https://api.github.com/repos/git-data-publisher/my-awesome-repo/git/trees/43df67244a6fcb9abbf9ac2c9c16ef5b8f45aaed","tree":[{"path":"README.md","mode":"100644","type":"blob","sha":"98b86d075133bc45f0a96ce008175bb5a4f6567a","size":17,"url":"https://api.github.com/repos/git-data-publisher/my-awesome-repo/git/blobs/98b86d075133bc45f0a96ce008175bb5a4f6567a"},{"path":"my-awesome-file.csv","mode":"100644","type":"blob","sha":"d373990e0a90d67e4d7fe645cbc29c60bddead6a","size":23,"url":"https://api.github.com/repos/git-data-publisher/my-awesome-repo/git/blobs/d373990e0a90d67e4d7fe645cbc29c60bddead6a"}],"truncated":false}'
    http_version: 
  recorded_at: Wed, 11 May 2016 09:45:12 GMT
- request:
    method: post
    uri: https://api.github.com/repos/git-data-publisher/my-awesome-repo/git/commits
    body:
      encoding: UTF-8
      string: '{"message":"Update 2016-05-11T10:45:11+01:00 [ci skip]","tree":"43df67244a6fcb9abbf9ac2c9c16ef5b8f45aaed","parents":["eb6e022b2a71f75ca4a4ab37f15eaacccc062ea7"]}'
    headers:
      Accept:
      - application/vnd.github.v3+json
      User-Agent:
      - Octokit Ruby Gem 4.3.0
      Content-Type:
      - application/json
      Authorization:
      - token <GITHUB_TOKEN>
      Accept-Encoding:
      - gzip;q=1.0,deflate;q=0.6,identity;q=0.3
  response:
    status:
      code: 201
      message: Created
    headers:
      Server:
      - GitHub.com
      Date:
      - Wed, 11 May 2016 09:44:34 GMT
      Content-Type:
      - application/json; charset=utf-8
      Content-Length:
      - '1066'
      Status:
      - 201 Created
      X-Ratelimit-Limit:
      - '5000'
      X-Ratelimit-Remaining:
      - '4695'
      X-Ratelimit-Reset:
      - '1462962503'
      Cache-Control:
      - private, max-age=60, s-maxage=60
      Vary:
      - Accept, Authorization, Cookie, X-GitHub-OTP
      - Accept-Encoding
      Etag:
      - '"1dc07fd7355d0a4e8541cdff4612ca73"'
      X-Oauth-Scopes:
      - delete_repo, repo, user:email
      X-Accepted-Oauth-Scopes:
      - ''
      X-Oauth-Client-Id:
      - 5a928d2c36588bef4f4c
      Location:
      - https://api.github.com/repos/git-data-publisher/my-awesome-repo/git/commits/a5fdc08aafb7fb2a1b1908493091e9635945caff
      X-Github-Media-Type:
      - github.v3; format=json
      Access-Control-Expose-Headers:
      - ETag, Link, X-GitHub-OTP, X-RateLimit-Limit, X-RateLimit-Remaining, X-RateLimit-Reset,
        X-OAuth-Scopes, X-Accepted-OAuth-Scopes, X-Poll-Interval
      Access-Control-Allow-Origin:
      - "*"
      Content-Security-Policy:
      - default-src 'none'
      Strict-Transport-Security:
      - max-age=31536000; includeSubdomains; preload
      X-Content-Type-Options:
      - nosniff
      X-Frame-Options:
      - deny
      X-Xss-Protection:
      - 1; mode=block
      X-Served-By:
      - b0ef53392caa42315c6206737946d931
      X-Github-Request-Id:
      - 56A82ECA:FD19:B4A83B1:5732FF02
    body:
      encoding: UTF-8
      string: '{"sha":"a5fdc08aafb7fb2a1b1908493091e9635945caff","url":"https://api.github.com/repos/git-data-publisher/my-awesome-repo/git/commits/a5fdc08aafb7fb2a1b1908493091e9635945caff","html_url":"https://github.com/git-data-publisher/my-awesome-repo/commit/a5fdc08aafb7fb2a1b1908493091e9635945caff","author":{"name":"git-data-publisher","email":"pezholio+git-data-publisher@gmail.com","date":"2016-05-11T09:44:34Z"},"committer":{"name":"git-data-publisher","email":"pezholio+git-data-publisher@gmail.com","date":"2016-05-11T09:44:34Z"},"tree":{"sha":"43df67244a6fcb9abbf9ac2c9c16ef5b8f45aaed","url":"https://api.github.com/repos/git-data-publisher/my-awesome-repo/git/trees/43df67244a6fcb9abbf9ac2c9c16ef5b8f45aaed"},"message":"Update
        2016-05-11T10:45:11+01:00 [ci skip]","parents":[{"sha":"eb6e022b2a71f75ca4a4ab37f15eaacccc062ea7","url":"https://api.github.com/repos/git-data-publisher/my-awesome-repo/git/commits/eb6e022b2a71f75ca4a4ab37f15eaacccc062ea7","html_url":"https://github.com/git-data-publisher/my-awesome-repo/commit/eb6e022b2a71f75ca4a4ab37f15eaacccc062ea7"}]}'
    http_version: 
  recorded_at: Wed, 11 May 2016 09:45:12 GMT
- request:
    method: patch
    uri: https://api.github.com/repos/git-data-publisher/my-awesome-repo/git/refs/heads/gh-pages
    body:
      encoding: UTF-8
      string: '{"sha":"a5fdc08aafb7fb2a1b1908493091e9635945caff","force":true}'
    headers:
      Accept:
      - application/vnd.github.v3+json
      User-Agent:
      - Octokit Ruby Gem 4.3.0
      Content-Type:
      - application/json
      Authorization:
      - token <GITHUB_TOKEN>
      Accept-Encoding:
      - gzip;q=1.0,deflate;q=0.6,identity;q=0.3
  response:
    status:
      code: 200
      message: OK
    headers:
      Server:
      - GitHub.com
      Date:
      - Wed, 11 May 2016 09:44:34 GMT
      Content-Type:
      - application/json; charset=utf-8
      Transfer-Encoding:
      - chunked
      Status:
      - 200 OK
      X-Ratelimit-Limit:
      - '5000'
      X-Ratelimit-Remaining:
      - '4691'
      X-Ratelimit-Reset:
      - '1462962503'
      Cache-Control:
      - private, max-age=60, s-maxage=60
      Vary:
      - Accept, Authorization, Cookie, X-GitHub-OTP
      - Accept-Encoding
      Etag:
      - W/"f7a5ff541953317a5323a53ff6a64560"
      X-Oauth-Scopes:
      - delete_repo, repo, user:email
      X-Accepted-Oauth-Scopes:
      - ''
      X-Oauth-Client-Id:
      - 5a928d2c36588bef4f4c
      X-Github-Media-Type:
      - github.v3; format=json
      Access-Control-Expose-Headers:
      - ETag, Link, X-GitHub-OTP, X-RateLimit-Limit, X-RateLimit-Remaining, X-RateLimit-Reset,
        X-OAuth-Scopes, X-Accepted-OAuth-Scopes, X-Poll-Interval
      Access-Control-Allow-Origin:
      - "*"
      Content-Security-Policy:
      - default-src 'none'
      Strict-Transport-Security:
      - max-age=31536000; includeSubdomains; preload
      X-Content-Type-Options:
      - nosniff
      X-Frame-Options:
      - deny
      X-Xss-Protection:
      - 1; mode=block
      X-Served-By:
      - d0b3c2c33a23690498aa8e70a435a259
      X-Github-Request-Id:
      - 56A82ECA:FD19:B4A843F:5732FF02
    body:
      encoding: UTF-8
      string: '{"ref":"refs/heads/gh-pages","url":"https://api.github.com/repos/git-data-publisher/my-awesome-repo/git/refs/heads/gh-pages","object":{"sha":"a5fdc08aafb7fb2a1b1908493091e9635945caff","type":"commit","url":"https://api.github.com/repos/git-data-publisher/my-awesome-repo/git/commits/a5fdc08aafb7fb2a1b1908493091e9635945caff"}}'
    http_version: 
  recorded_at: Wed, 11 May 2016 09:45:13 GMT
- request:
    method: get
    uri: https://api.github.com/repos/git-data-publisher/my-awesome-repo
    body:
      encoding: US-ASCII
      string: ''
    headers:
      Accept:
      - application/vnd.github.v3+json
      User-Agent:
      - Octokit Ruby Gem 4.3.0
      Content-Type:
      - application/json
      Authorization:
      - token <GITHUB_TOKEN>
      Accept-Encoding:
      - gzip;q=1.0,deflate;q=0.6,identity;q=0.3
  response:
    status:
      code: 200
      message: OK
    headers:
      Server:
      - GitHub.com
      Date:
      - Wed, 11 May 2016 09:44:35 GMT
      Content-Type:
      - application/json; charset=utf-8
      Transfer-Encoding:
      - chunked
      Status:
      - 200 OK
      X-Ratelimit-Limit:
      - '5000'
      X-Ratelimit-Remaining:
      - '4690'
      X-Ratelimit-Reset:
      - '1462962503'
      Cache-Control:
      - private, max-age=60, s-maxage=60
      Vary:
      - Accept, Authorization, Cookie, X-GitHub-OTP
      - Accept-Encoding
      Etag:
      - W/"3de68c5059e591e435ed2ada3f31f3a0"
      Last-Modified:
      - Wed, 11 May 2016 09:44:25 GMT
      X-Oauth-Scopes:
      - delete_repo, repo, user:email
      X-Accepted-Oauth-Scopes:
      - repo
      X-Oauth-Client-Id:
      - 5a928d2c36588bef4f4c
      X-Github-Media-Type:
      - github.v3; format=json
      Access-Control-Expose-Headers:
      - ETag, Link, X-GitHub-OTP, X-RateLimit-Limit, X-RateLimit-Remaining, X-RateLimit-Reset,
        X-OAuth-Scopes, X-Accepted-OAuth-Scopes, X-Poll-Interval
      Access-Control-Allow-Origin:
      - "*"
      Content-Security-Policy:
      - default-src 'none'
      Strict-Transport-Security:
      - max-age=31536000; includeSubdomains; preload
      X-Content-Type-Options:
      - nosniff
      X-Frame-Options:
      - deny
      X-Xss-Protection:
      - 1; mode=block
      X-Served-By:
      - 13d09b732ebe76f892093130dc088652
      X-Github-Request-Id:
      - 56A82ECA:FD19:B4A84B2:5732FF02
    body:
      encoding: UTF-8
      string: '{"id":58532785,"name":"my-awesome-repo","full_name":"git-data-publisher/my-awesome-repo","owner":{"login":"git-data-publisher","id":9130479,"avatar_url":"https://avatars.githubusercontent.com/u/9130479?v=3","gravatar_id":"","url":"https://api.github.com/users/git-data-publisher","html_url":"https://github.com/git-data-publisher","followers_url":"https://api.github.com/users/git-data-publisher/followers","following_url":"https://api.github.com/users/git-data-publisher/following{/other_user}","gists_url":"https://api.github.com/users/git-data-publisher/gists{/gist_id}","starred_url":"https://api.github.com/users/git-data-publisher/starred{/owner}{/repo}","subscriptions_url":"https://api.github.com/users/git-data-publisher/subscriptions","organizations_url":"https://api.github.com/users/git-data-publisher/orgs","repos_url":"https://api.github.com/users/git-data-publisher/repos","events_url":"https://api.github.com/users/git-data-publisher/events{/privacy}","received_events_url":"https://api.github.com/users/git-data-publisher/received_events","type":"User","site_admin":false},"private":false,"html_url":"https://github.com/git-data-publisher/my-awesome-repo","description":null,"fork":false,"url":"https://api.github.com/repos/git-data-publisher/my-awesome-repo","forks_url":"https://api.github.com/repos/git-data-publisher/my-awesome-repo/forks","keys_url":"https://api.github.com/repos/git-data-publisher/my-awesome-repo/keys{/key_id}","collaborators_url":"https://api.github.com/repos/git-data-publisher/my-awesome-repo/collaborators{/collaborator}","teams_url":"https://api.github.com/repos/git-data-publisher/my-awesome-repo/teams","hooks_url":"https://api.github.com/repos/git-data-publisher/my-awesome-repo/hooks","issue_events_url":"https://api.github.com/repos/git-data-publisher/my-awesome-repo/issues/events{/number}","events_url":"https://api.github.com/repos/git-data-publisher/my-awesome-repo/events","assignees_url":"https://api.github.com/repos/git-data-publisher/my-awesome-repo/assignees{/user}","branches_url":"https://api.github.com/repos/git-data-publisher/my-awesome-repo/branches{/branch}","tags_url":"https://api.github.com/repos/git-data-publisher/my-awesome-repo/tags","blobs_url":"https://api.github.com/repos/git-data-publisher/my-awesome-repo/git/blobs{/sha}","git_tags_url":"https://api.github.com/repos/git-data-publisher/my-awesome-repo/git/tags{/sha}","git_refs_url":"https://api.github.com/repos/git-data-publisher/my-awesome-repo/git/refs{/sha}","trees_url":"https://api.github.com/repos/git-data-publisher/my-awesome-repo/git/trees{/sha}","statuses_url":"https://api.github.com/repos/git-data-publisher/my-awesome-repo/statuses/{sha}","languages_url":"https://api.github.com/repos/git-data-publisher/my-awesome-repo/languages","stargazers_url":"https://api.github.com/repos/git-data-publisher/my-awesome-repo/stargazers","contributors_url":"https://api.github.com/repos/git-data-publisher/my-awesome-repo/contributors","subscribers_url":"https://api.github.com/repos/git-data-publisher/my-awesome-repo/subscribers","subscription_url":"https://api.github.com/repos/git-data-publisher/my-awesome-repo/subscription","commits_url":"https://api.github.com/repos/git-data-publisher/my-awesome-repo/commits{/sha}","git_commits_url":"https://api.github.com/repos/git-data-publisher/my-awesome-repo/git/commits{/sha}","comments_url":"https://api.github.com/repos/git-data-publisher/my-awesome-repo/comments{/number}","issue_comment_url":"https://api.github.com/repos/git-data-publisher/my-awesome-repo/issues/comments{/number}","contents_url":"https://api.github.com/repos/git-data-publisher/my-awesome-repo/contents/{+path}","compare_url":"https://api.github.com/repos/git-data-publisher/my-awesome-repo/compare/{base}...{head}","merges_url":"https://api.github.com/repos/git-data-publisher/my-awesome-repo/merges","archive_url":"https://api.github.com/repos/git-data-publisher/my-awesome-repo/{archive_format}{/ref}","downloads_url":"https://api.github.com/repos/git-data-publisher/my-awesome-repo/downloads","issues_url":"https://api.github.com/repos/git-data-publisher/my-awesome-repo/issues{/number}","pulls_url":"https://api.github.com/repos/git-data-publisher/my-awesome-repo/pulls{/number}","milestones_url":"https://api.github.com/repos/git-data-publisher/my-awesome-repo/milestones{/number}","notifications_url":"https://api.github.com/repos/git-data-publisher/my-awesome-repo/notifications{?since,all,participating}","labels_url":"https://api.github.com/repos/git-data-publisher/my-awesome-repo/labels{/name}","releases_url":"https://api.github.com/repos/git-data-publisher/my-awesome-repo/releases{/id}","deployments_url":"https://api.github.com/repos/git-data-publisher/my-awesome-repo/deployments","created_at":"2016-05-11T09:44:25Z","updated_at":"2016-05-11T09:44:25Z","pushed_at":"2016-05-11T09:44:34Z","git_url":"git://github.com/git-data-publisher/my-awesome-repo.git","ssh_url":"git@github.com:git-data-publisher/my-awesome-repo.git","clone_url":"https://github.com/git-data-publisher/my-awesome-repo.git","svn_url":"https://github.com/git-data-publisher/my-awesome-repo","homepage":null,"size":0,"stargazers_count":0,"watchers_count":0,"language":null,"has_issues":true,"has_downloads":true,"has_wiki":true,"has_pages":true,"forks_count":0,"mirror_url":null,"open_issues_count":0,"forks":0,"open_issues":0,"watchers":0,"default_branch":"gh-pages","permissions":{"admin":true,"push":true,"pull":true},"network_count":0,"subscribers_count":1}'
    http_version: 
  recorded_at: Wed, 11 May 2016 09:45:13 GMT
- request:
    method: get
    uri: https://api.github.com/repos/git-data-publisher/my-awesome-repo/git/refs
    body:
      encoding: US-ASCII
      string: ''
    headers:
      Accept:
      - application/vnd.github.v3+json
      User-Agent:
      - Octokit Ruby Gem 4.3.0
      Content-Type:
      - application/json
      Authorization:
      - token <GITHUB_TOKEN>
      Accept-Encoding:
      - gzip;q=1.0,deflate;q=0.6,identity;q=0.3
  response:
    status:
      code: 200
      message: OK
    headers:
      Server:
      - GitHub.com
      Date:
      - Wed, 11 May 2016 09:44:35 GMT
      Content-Type:
      - application/json; charset=utf-8
      Transfer-Encoding:
      - chunked
      Status:
      - 200 OK
      X-Ratelimit-Limit:
      - '5000'
      X-Ratelimit-Remaining:
      - '4689'
      X-Ratelimit-Reset:
      - '1462962503'
      Cache-Control:
      - private, max-age=60, s-maxage=60
      Vary:
      - Accept, Authorization, Cookie, X-GitHub-OTP
      - Accept-Encoding
      Etag:
      - W/"1b00cb8a02b9cebafd82f57d59da2178"
      Last-Modified:
      - Wed, 11 May 2016 09:44:25 GMT
      X-Poll-Interval:
      - '300'
      X-Oauth-Scopes:
      - delete_repo, repo, user:email
      X-Accepted-Oauth-Scopes:
      - ''
      X-Oauth-Client-Id:
      - 5a928d2c36588bef4f4c
      X-Github-Media-Type:
      - github.v3; format=json
      Access-Control-Expose-Headers:
      - ETag, Link, X-GitHub-OTP, X-RateLimit-Limit, X-RateLimit-Remaining, X-RateLimit-Reset,
        X-OAuth-Scopes, X-Accepted-OAuth-Scopes, X-Poll-Interval
      Access-Control-Allow-Origin:
      - "*"
      Content-Security-Policy:
      - default-src 'none'
      Strict-Transport-Security:
      - max-age=31536000; includeSubdomains; preload
      X-Content-Type-Options:
      - nosniff
      X-Frame-Options:
      - deny
      X-Xss-Protection:
      - 1; mode=block
      X-Served-By:
      - a7f8a126c9ed3f1c4715a34c0ddc7290
      X-Github-Request-Id:
      - 56A82ECA:FD19:B4A851F:5732FF03
    body:
      encoding: UTF-8
      string: '[{"ref":"refs/heads/gh-pages","url":"https://api.github.com/repos/git-data-publisher/my-awesome-repo/git/refs/heads/gh-pages","object":{"sha":"a5fdc08aafb7fb2a1b1908493091e9635945caff","type":"commit","url":"https://api.github.com/repos/git-data-publisher/my-awesome-repo/git/commits/a5fdc08aafb7fb2a1b1908493091e9635945caff"}},{"ref":"refs/heads/master","url":"https://api.github.com/repos/git-data-publisher/my-awesome-repo/git/refs/heads/master","object":{"sha":"f4ca878a79c8beeef9bc56843d2687e013f9054d","type":"commit","url":"https://api.github.com/repos/git-data-publisher/my-awesome-repo/git/commits/f4ca878a79c8beeef9bc56843d2687e013f9054d"}}]'
    http_version: 
  recorded_at: Wed, 11 May 2016 09:45:13 GMT
- request:
    method: get
    uri: https://api.github.com/repos/git-data-publisher/my-awesome-repo/git/trees/a5fdc08aafb7fb2a1b1908493091e9635945caff?recursive=true
    body:
      encoding: US-ASCII
      string: ''
    headers:
      Accept:
      - application/vnd.github.v3+json
      User-Agent:
      - Octokit Ruby Gem 4.3.0
      Content-Type:
      - application/json
      Authorization:
      - token <GITHUB_TOKEN>
      Accept-Encoding:
      - gzip;q=1.0,deflate;q=0.6,identity;q=0.3
  response:
    status:
      code: 200
      message: OK
    headers:
      Server:
      - GitHub.com
      Date:
      - Wed, 11 May 2016 09:44:35 GMT
      Content-Type:
      - application/json; charset=utf-8
      Transfer-Encoding:
      - chunked
      Status:
      - 200 OK
      X-Ratelimit-Limit:
      - '5000'
      X-Ratelimit-Remaining:
      - '4688'
      X-Ratelimit-Reset:
      - '1462962503'
      Cache-Control:
      - private, max-age=60, s-maxage=60
      Vary:
      - Accept, Authorization, Cookie, X-GitHub-OTP
      - Accept-Encoding
      Etag:
      - W/"81c48148aa9bdc10d73fc10dd3b70816"
      Last-Modified:
      - Wed, 11 May 2016 09:44:25 GMT
      X-Oauth-Scopes:
      - delete_repo, repo, user:email
      X-Accepted-Oauth-Scopes:
      - ''
      X-Oauth-Client-Id:
      - 5a928d2c36588bef4f4c
      X-Github-Media-Type:
      - github.v3; format=json
      Access-Control-Expose-Headers:
      - ETag, Link, X-GitHub-OTP, X-RateLimit-Limit, X-RateLimit-Remaining, X-RateLimit-Reset,
        X-OAuth-Scopes, X-Accepted-OAuth-Scopes, X-Poll-Interval
      Access-Control-Allow-Origin:
      - "*"
      Content-Security-Policy:
      - default-src 'none'
      Strict-Transport-Security:
      - max-age=31536000; includeSubdomains; preload
      X-Content-Type-Options:
      - nosniff
      X-Frame-Options:
      - deny
      X-Xss-Protection:
      - 1; mode=block
      X-Served-By:
      - 01d096e6cfe28f8aea352e988c332cd3
      X-Github-Request-Id:
      - 56A82ECA:FD18:99520BB:5732FF03
    body:
      encoding: UTF-8
      string: '{"sha":"a5fdc08aafb7fb2a1b1908493091e9635945caff","url":"https://api.github.com/repos/git-data-publisher/my-awesome-repo/git/trees/a5fdc08aafb7fb2a1b1908493091e9635945caff","tree":[{"path":"README.md","mode":"100644","type":"blob","sha":"98b86d075133bc45f0a96ce008175bb5a4f6567a","size":17,"url":"https://api.github.com/repos/git-data-publisher/my-awesome-repo/git/blobs/98b86d075133bc45f0a96ce008175bb5a4f6567a"},{"path":"my-awesome-file.csv","mode":"100644","type":"blob","sha":"d373990e0a90d67e4d7fe645cbc29c60bddead6a","size":23,"url":"https://api.github.com/repos/git-data-publisher/my-awesome-repo/git/blobs/d373990e0a90d67e4d7fe645cbc29c60bddead6a"}],"truncated":false}'
    http_version: 
  recorded_at: Wed, 11 May 2016 09:45:14 GMT
- request:
    method: get
    uri: https://api.github.com/repos/git-data-publisher/my-awesome-repo/contents/my-awesome-file.csv?ref=heads/gh-pages
    body:
      encoding: US-ASCII
      string: ''
    headers:
      Accept:
      - application/vnd.github.v3+json
      User-Agent:
      - Octokit Ruby Gem 4.3.0
      Content-Type:
      - application/json
      Authorization:
      - token <GITHUB_TOKEN>
      Accept-Encoding:
      - gzip;q=1.0,deflate;q=0.6,identity;q=0.3
  response:
    status:
      code: 200
      message: OK
    headers:
      Server:
      - GitHub.com
      Date:
      - Wed, 11 May 2016 09:44:36 GMT
      Content-Type:
      - application/json; charset=utf-8
      Transfer-Encoding:
      - chunked
      Status:
      - 200 OK
      X-Ratelimit-Limit:
      - '5000'
      X-Ratelimit-Remaining:
      - '4687'
      X-Ratelimit-Reset:
      - '1462962503'
      Cache-Control:
      - private, max-age=60, s-maxage=60
      Vary:
      - Accept, Authorization, Cookie, X-GitHub-OTP
      - Accept-Encoding
      Etag:
      - W/"71f029b4e6511945e7eee9dcd2d2c573"
      Last-Modified:
      - Wed, 11 May 2016 09:44:34 GMT
      X-Oauth-Scopes:
      - delete_repo, repo, user:email
      X-Accepted-Oauth-Scopes:
      - ''
      X-Oauth-Client-Id:
      - 5a928d2c36588bef4f4c
      X-Github-Media-Type:
      - github.v3; format=json
      Access-Control-Expose-Headers:
      - ETag, Link, X-GitHub-OTP, X-RateLimit-Limit, X-RateLimit-Remaining, X-RateLimit-Reset,
        X-OAuth-Scopes, X-Accepted-OAuth-Scopes, X-Poll-Interval
      Access-Control-Allow-Origin:
      - "*"
      Content-Security-Policy:
      - default-src 'none'
      Strict-Transport-Security:
      - max-age=31536000; includeSubdomains; preload
      X-Content-Type-Options:
      - nosniff
      X-Frame-Options:
      - deny
      X-Xss-Protection:
      - 1; mode=block
      X-Served-By:
      - a7f8a126c9ed3f1c4715a34c0ddc7290
      X-Github-Request-Id:
      - 56A82ECA:FD18:9952144:5732FF04
    body:
      encoding: UTF-8
      string: '{"name":"my-awesome-file.csv","path":"my-awesome-file.csv","sha":"d373990e0a90d67e4d7fe645cbc29c60bddead6a","size":23,"url":"https://api.github.com/repos/git-data-publisher/my-awesome-repo/contents/my-awesome-file.csv?ref=heads/gh-pages","html_url":"https://github.com/git-data-publisher/my-awesome-repo/blob/heads/gh-pages/my-awesome-file.csv","git_url":"https://api.github.com/repos/git-data-publisher/my-awesome-repo/git/blobs/d373990e0a90d67e4d7fe645cbc29c60bddead6a","download_url":"https://raw.githubusercontent.com/git-data-publisher/my-awesome-repo/heads/gh-pages/my-awesome-file.csv","type":"file","content":"bmV3LGNvbnRlbnQsaGVyZQ0KMSwyLDM=\n","encoding":"base64","_links":{"self":"https://api.github.com/repos/git-data-publisher/my-awesome-repo/contents/my-awesome-file.csv?ref=heads/gh-pages","git":"https://api.github.com/repos/git-data-publisher/my-awesome-repo/git/blobs/d373990e0a90d67e4d7fe645cbc29c60bddead6a","html":"https://github.com/git-data-publisher/my-awesome-repo/blob/heads/gh-pages/my-awesome-file.csv"}}'
    http_version: 
  recorded_at: Wed, 11 May 2016 09:45:14 GMT
- request:
    method: delete
    uri: https://api.github.com/repos/git-data-publisher/my-awesome-repo
    body:
      encoding: UTF-8
      string: "{}"
    headers:
      Accept:
      - application/vnd.github.v3+json
      User-Agent:
      - Octokit Ruby Gem 4.3.0
      Content-Type:
      - application/json
      Authorization:
      - token <GITHUB_TOKEN>
      Accept-Encoding:
      - gzip;q=1.0,deflate;q=0.6,identity;q=0.3
  response:
    status:
      code: 204
      message: No Content
    headers:
      Server:
      - GitHub.com
      Date:
      - Wed, 11 May 2016 09:44:36 GMT
      Status:
      - 204 No Content
      X-Ratelimit-Limit:
      - '5000'
      X-Ratelimit-Remaining:
      - '4684'
      X-Ratelimit-Reset:
      - '1462962503'
      X-Oauth-Scopes:
      - delete_repo, repo, user:email
      X-Accepted-Oauth-Scopes:
      - delete_repo
      X-Oauth-Client-Id:
      - 5a928d2c36588bef4f4c
      X-Github-Media-Type:
      - github.v3; format=json
      Access-Control-Expose-Headers:
      - ETag, Link, X-GitHub-OTP, X-RateLimit-Limit, X-RateLimit-Remaining, X-RateLimit-Reset,
        X-OAuth-Scopes, X-Accepted-OAuth-Scopes, X-Poll-Interval
      Access-Control-Allow-Origin:
      - "*"
      Content-Security-Policy:
      - default-src 'none'
      Strict-Transport-Security:
      - max-age=31536000; includeSubdomains; preload
      X-Content-Type-Options:
      - nosniff
      X-Frame-Options:
      - deny
      X-Xss-Protection:
      - 1; mode=block
      Vary:
      - Accept-Encoding
      X-Served-By:
      - a6882e5cd2513376cb9481dbcd83f3a2
      X-Github-Request-Id:
      - 56A82ECA:FD1A:A656B7A:5732FF04
    body:
      encoding: UTF-8
      string: ''
    http_version: 
  recorded_at: Wed, 11 May 2016 09:45:15 GMT
recorded_with: VCR 3.0.1
